cd bridge/bridge && go test -run TestDeposit -timeout=5m -v
=== RUN   TestDeposit
[90m23.09.13 14:45:42[0m [ BERITH-TEST ] | INFO  | Connecting to evm chain... url:http://testnet.berith.co:8545
[90m23.09.13 14:45:42[0m [ BERITH-TEST ] | INFO  | Latest block : 2835311
[90m23.09.13 14:45:44[0m [ KLAYTN-TEST ] | INFO  | Connecting to evm chain... url:https://api.baobab.klaytn.net:8651
[90m23.09.13 14:45:44[0m [ TESTER ] | INFO  | Connecting to evm chain... url:http://testnet.berith.co:8545
[90m23.09.13 14:45:44[0m [ TESTER ] | DEBUG | deposit 1 BERS, receiver:0x79af1d12cB2fe2661F7259BdBB4135396aF92e16
[90m23.09.13 14:45:44[0m [ TESTER ] | DEBUG | deposit 1 BERS, receiver:0x2e7ba5f1a8242dEbb97E4855A68DfdF63F8613dC
[90m23.09.13 14:45:44[0m [ TESTER ] | DEBUG | deposit 1 BERS, receiver:0xC0dc98E0DFAaCaD0f68Ce4b5215CBC4370c9D7e5
[90m23.09.13 14:45:44[0m [ TESTER ] | DEBUG | deposit 1 BERS, receiver:0x09a621c3580060f98b030e7cf5002E764c3892f8
[90m23.09.13 14:45:44[0m [ TESTER ] | DEBUG | deposit 1 BERS, receiver:0x18980aB4611dCdC5D980fC17D1B3fc38daf1bF9B
[90m23.09.13 14:45:44[0m [ TESTER ] | DEBUG | deposit 1 BERS, receiver:0xBcA5bf900fb07bf446076032fb8f109d12426C99
[90m23.09.13 14:45:44[0m [ TESTER ] | DEBUG | deposit 1 BERS, receiver:0x559BAEd177cD0a6917bFCFa6033979e57E4F6a8D
[90m23.09.13 14:45:44[0m [ TESTER ] | DEBUG | deposit 1 BERS, receiver:0x5D7E3151d032E12a36CAabBbe25a5466A920bE40
[90m23.09.13 14:45:44[0m [ TESTER ] | DEBUG | deposit 1 BERS, receiver:0xA7F11C5B4ba1D4b7849F7BA789fBccE82D673e7e
[90m23.09.13 14:45:44[0m [ TESTER ] | DEBUG | deposit 1 BERS, receiver:0xd65418602517440e4d26E489bb17548d40DE3b2E
[90m23.09.13 14:45:44[0m [ TESTER ] | DEBUG | deposit 1 BERS, receiver:0x9C0D021F6c5a84C934415328947bb66f40959f6e
[90m23.09.13 14:45:44[0m [ TESTER ] | DEBUG | deposit 1 BERS, receiver:0x86A72F1B1Ab3FA8611A28B8A9603547E462588fb
[90m23.09.13 14:45:44[0m [ TESTER ] | DEBUG | deposit 1 BERS, receiver:0x85cB2FAE773952a5b606bc3b5f7726C6DD839Fb9
[90m23.09.13 14:45:44[0m [ TESTER ] | DEBUG | deposit 1 BERS, receiver:0x8Ae9c069C64E28f89c4459a7Cb5eB7bDc33FB68D
[90m23.09.13 14:45:44[0m [ TESTER ] | DEBUG | deposit 1 BERS, receiver:0x32299279B502E7C380f4199E361c058D0060234b
[90m23.09.13 14:45:44[0m [ TESTER ] | DEBUG | deposit 1 BERS, receiver:0x79b252dd502b0D1d6EdC410eC8A0c875F0285Aca
[90m23.09.13 14:45:44[0m [ TESTER ] | DEBUG | deposit 1 BERS, receiver:0x6466d81198cE3EAe4D3a69AE4751D472EFD9c5b5
[90m23.09.13 14:45:44[0m [ TESTER ] | DEBUG | deposit 1 BERS, receiver:0xaa3720Ad64CFA5413dbf920B2Ee280216d62d212
[90m23.09.13 14:45:44[0m [ TESTER ] | DEBUG | deposit 1 BERS, receiver:0x8B76f3B64a4DbFF27351A93bAFb6208c4F48fF28
[90m23.09.13 14:45:44[0m [ TESTER ] | DEBUG | deposit 1 BERS, receiver:0x8df2BE5a17993Ce0acbCC6806392dbdBc51Ed8ce
[90m23.09.13 14:45:44[0m [ TESTER ] | DEBUG | deposit 1 BERS, receiver:0x4c8B4A988A22BEbf45188b964D0AE66370358F83
[90m23.09.13 14:45:44[0m [ TESTER ] | DEBUG | deposit 1 BERS, receiver:0xB21DcfCb2C73F114d2DbF34052154E8678483369
[90m23.09.13 14:45:44[0m [ TESTER ] | DEBUG | deposit 1 BERS, receiver:0xbA2695EC0054fDd6C498b0F9a286eFA3799d7826
[90m23.09.13 14:45:44[0m [ TESTER ] | DEBUG | deposit 1 BERS, receiver:0xd895d482E6B9e49E5C7cC6970E1BAd3d8a8E4bcE
[90m23.09.13 14:45:44[0m [ TESTER ] | DEBUG | deposit 1 BERS, receiver:0x1461dA44972183aA0dE61DaD76e963A8032e2552
[90m23.09.13 14:45:44[0m [ TESTER ] | DEBUG | deposit 1 BERS, receiver:0xca600A767D050F687967006E8Db19521c1C3f655
[90m23.09.13 14:45:44[0m [ TESTER ] | DEBUG | deposit 1 BERS, receiver:0x6B580564633AaE0F90278bfdF0381c95085507d3
[90m23.09.13 14:45:44[0m [ TESTER ] | DEBUG | deposit 1 BERS, receiver:0xAADa7f4C0D683E96a0afF6e9BDcF5f5bD20D3cb5
[90m23.09.13 14:45:44[0m [ TESTER ] | DEBUG | deposit 1 BERS, receiver:0x9cD4401dfe1d28EEAae7cd06F556F10518701758
[90m23.09.13 14:45:44[0m [ TESTER ] | DEBUG | deposit 1 BERS, receiver:0xaDd89b4EA61AEd57853EC2bCE3cB64f94DCccAF0
[90m23.09.13 14:45:44[0m [ TESTER ] | DEBUG | deposit 1 BERS, receiver:0x91De5FCe2a55720AD74a34F8c56bA12Df48d25f4
[90m23.09.13 14:45:44[0m [ TESTER ] | DEBUG | deposit 1 BERS, receiver:0x8dd4f81777F71B78dfeCD2dd62dc74ee02786523
[90m23.09.13 14:45:44[0m [ TESTER ] | DEBUG | deposit 1 BERS, receiver:0x2A2a472C21c330FF05B1FCd8356cBb6fEBD0333a
[90m23.09.13 14:45:44[0m [ TESTER ] | DEBUG | deposit 1 BERS, receiver:0x021A37A204E3Adc0E064dF75aac0B4E16E040B31
[90m23.09.13 14:45:44[0m [ TESTER ] | DEBUG | deposit 1 BERS, receiver:0x7Ab3e19e11846e00BeAB7D014BCe9718f9CAae31
[90m23.09.13 14:45:44[0m [ TESTER ] | DEBUG | deposit 1 BERS, receiver:0xCE1CB82560Fea7e9de6951067BDD146b84Fc4240
[90m23.09.13 14:45:44[0m [ TESTER ] | DEBUG | deposit 1 BERS, receiver:0x57Ea0deC36a6D470Abb1c043AFb822B504cB6e72
[90m23.09.13 14:45:44[0m [ TESTER ] | DEBUG | deposit 1 BERS, receiver:0x14133A333C414B1B468F895037cAf3533d363C36
[90m23.09.13 14:45:44[0m [ TESTER ] | DEBUG | deposit 1 BERS, receiver:0x39Fb9380890a375859aB7eBFa55fAb65a47BD413
[90m23.09.13 14:45:44[0m [ TESTER ] | DEBUG | deposit 1 BERS, receiver:0x511AE2D4f27484469ee887Eb6068034147993F26
[90m23.09.13 14:45:44[0m [ TESTER ] | DEBUG | deposit 1 BERS, receiver:0xf5F9eB75585E0C37dB6E40b03F922981d9310c92
[90m23.09.13 14:45:44[0m [ TESTER ] | DEBUG | deposit 1 BERS, receiver:0xc097d4b5Bd4E3BF93b5a83466552b7095912FFeD
[90m23.09.13 14:45:44[0m [ TESTER ] | DEBUG | deposit 1 BERS, receiver:0xC5cab75f55536B4bA8662bFFbA76DEcE77fEB3e7
[90m23.09.13 14:45:44[0m [ TESTER ] | DEBUG | deposit 1 BERS, receiver:0xc2610e0F52fccC82eD8c0f755Bd862ACb9090493
[90m23.09.13 14:45:44[0m [ TESTER ] | DEBUG | deposit 1 BERS, receiver:0x2Fde14DAB5C894A48734c0e9191961B2020e0d43
[90m23.09.13 14:45:44[0m [ TESTER ] | DEBUG | deposit 1 BERS, receiver:0x7eF6Ea2af381eA852F574792316077C4d94b830E
[90m23.09.13 14:45:44[0m [ TESTER ] | DEBUG | deposit 1 BERS, receiver:0x511F8A22C2e1685b1946E91456ef2D32004CE7Cd
[90m23.09.13 14:45:44[0m [ TESTER ] | DEBUG | deposit 1 BERS, receiver:0x582386b02e54faf351FAB9A047D04D2b84251812
[90m23.09.13 14:45:44[0m [ TESTER ] | DEBUG | deposit 1 BERS, receiver:0x5821cb4A1d8ffbc03Aac253a8b3f8d3BF8D07b56
[90m23.09.13 14:45:44[0m [ TESTER ] | DEBUG | deposit 1 BERS, receiver:0xBAcc15984Bb2b929F78456A460E9fa27e90D7Eda
[90m23.09.13 14:45:44[0m [ TESTER ] | DEBUG | deposit 1 BERS, receiver:0x020eCf0C3a4b94C809E76d0cE1AaF7cc355b94C8
[90m23.09.13 14:45:44[0m [ TESTER ] | DEBUG | deposit 1 BERS, receiver:0xeB3E3981a1E0939e556ea6eBd3516a23adddA920
[90m23.09.13 14:45:44[0m [ TESTER ] | DEBUG | deposit 1 BERS, receiver:0x400fD4714dF0081b01628eE6581fd83841583D80
[90m23.09.13 14:45:44[0m [ TESTER ] | DEBUG | deposit 1 BERS, receiver:0x8169B62BAbbDAc03A7aF15c84d8EBf78E8900C6E
[90m23.09.13 14:45:44[0m [ TESTER ] | DEBUG | deposit 1 BERS, receiver:0x46a0a5323A096224F38EA727712Fcf22B4B45042
[90m23.09.13 14:45:44[0m [ TESTER ] | DEBUG | deposit 1 BERS, receiver:0xd59026772b3ba5baC300f422B76844d5658E5a68
[90m23.09.13 14:45:44[0m [ TESTER ] | DEBUG | deposit 1 BERS, receiver:0x5f45a735DeeAce6F18e65f5530c1799bcF32d8a8
[90m23.09.13 14:45:44[0m [ TESTER ] | DEBUG | deposit 1 BERS, receiver:0xcD469c5b0253CD725cF9fFd78F9B87C8E9Bbb160
[90m23.09.13 14:45:44[0m [ TESTER ] | DEBUG | deposit 1 BERS, receiver:0xA9e014124BD1A689676523D5fdD75781d51db5F1
[90m23.09.13 14:45:44[0m [ TESTER ] | DEBUG | deposit 1 BERS, receiver:0x805Ea0f7852A21606EB5ee778423A7C7deE8CB91
[90m23.09.13 14:45:44[0m [ TESTER ] | DEBUG | deposit 1 BERS, receiver:0xAd6FE1144862894FDd8C876fd2dfBd407f96f7e8
[90m23.09.13 14:45:44[0m [ TESTER ] | DEBUG | deposit 1 BERS, receiver:0xDC13258E4f3c77351D40074a90083C8dFa5e020C
[90m23.09.13 14:45:44[0m [ TESTER ] | DEBUG | deposit 1 BERS, receiver:0x1aDa11be64fB592a2ba7a81CD52Ae5C2CDAb9473
[90m23.09.13 14:45:44[0m [ TESTER ] | DEBUG | deposit 1 BERS, receiver:0xb653e5C3603f000aE300dc133b2A727727e34eB6
[90m23.09.13 14:45:44[0m [ TESTER ] | DEBUG | deposit 1 BERS, receiver:0x8649A5D643b4150e2075a8dD43f7d3A03CfD83b2
[90m23.09.13 14:45:44[0m [ TESTER ] | DEBUG | deposit 1 BERS, receiver:0x2a84944c6c2005F84b40FAF076Dd62cE21761d85
[90m23.09.13 14:45:44[0m [ TESTER ] | DEBUG | deposit 1 BERS, receiver:0x322c90f2BC82e96618D211ff65d0fFBdC80AaCe3
[90m23.09.13 14:45:44[0m [ TESTER ] | DEBUG | deposit 1 BERS, receiver:0xa2C62644125E7F30b118bFaF79FCfD93b14650DB
[90m23.09.13 14:45:44[0m [ TESTER ] | DEBUG | deposit 1 BERS, receiver:0xdE9013F5b1BF05d157A87063a179d905594D1415
[90m23.09.13 14:45:44[0m [ TESTER ] | DEBUG | deposit 1 BERS, receiver:0xA93A3741F6103B5Ba39b28C2Be441dDF3F40FcFC
[90m23.09.13 14:45:44[0m [ TESTER ] | DEBUG | deposit 1 BERS, receiver:0x741F36596f9bDcDc3914780C7184613CE9A34121
[90m23.09.13 14:45:44[0m [ TESTER ] | DEBUG | deposit 1 BERS, receiver:0x2EF91F4016DFF552C6c3497EA4Ecf1082b1C5959
[90m23.09.13 14:45:44[0m [ TESTER ] | DEBUG | deposit 1 BERS, receiver:0x35258f99111197d09F51b6689AbCBC4C0c3d6654
[90m23.09.13 14:45:44[0m [ TESTER ] | DEBUG | deposit 1 BERS, receiver:0xD3799029634526596dfbE98B3B7CB428282048a0
[90m23.09.13 14:45:44[0m [ TESTER ] | DEBUG | deposit 1 BERS, receiver:0xc88af3217F3809B06173D0d43EBdE01b4909eDbc
[90m23.09.13 14:45:44[0m [ TESTER ] | DEBUG | deposit 1 BERS, receiver:0xC36767Ea2Bd727Cf8b881e1951445aEc5F2E553A
[90m23.09.13 14:45:44[0m [ TESTER ] | DEBUG | deposit 1 BERS, receiver:0xf8Ef3450DB0D64181bdec1764731F5967b0E9367
[90m23.09.13 14:45:44[0m [ TESTER ] | DEBUG | deposit 1 BERS, receiver:0x1A83bfB7cb63942F02E44c32C962dA18ce1bf6cF
[90m23.09.13 14:45:44[0m [ TESTER ] | DEBUG | deposit 1 BERS, receiver:0x5D3281ad6EBbfa5462FC2a4c99FaF0Ee65bb3Eca
[90m23.09.13 14:45:44[0m [ TESTER ] | DEBUG | deposit 1 BERS, receiver:0x72593a3E8929747683Da925ac5483336a32945eF
[90m23.09.13 14:45:44[0m [ TESTER ] | DEBUG | deposit 1 BERS, receiver:0x150fC226fc15f0a21A8E798c48aDF46E4b45577D
[90m23.09.13 14:45:44[0m [ TESTER ] | DEBUG | deposit 1 BERS, receiver:0x53a471CF617D2BA6263B402cF9f1a049BE38D39d
[90m23.09.13 14:45:44[0m [ TESTER ] | DEBUG | deposit 1 BERS, receiver:0xfaDE414352987E7b3D9E544d8f346aEEfd54264D
[90m23.09.13 14:45:44[0m [ TESTER ] | DEBUG | deposit 1 BERS, receiver:0xa15Cd05E10AD5c373eDc21F4F5FB934A29bc6193
[90m23.09.13 14:45:44[0m [ TESTER ] | DEBUG | deposit 1 BERS, receiver:0x297F15091aBB98017887423E241276f1902b1766
[90m23.09.13 14:45:44[0m [ TESTER ] | DEBUG | deposit 1 BERS, receiver:0x2746Ebcf330395F2d97f7f3a525D351fAd4Ec6Ed
[90m23.09.13 14:45:44[0m [ TESTER ] | DEBUG | deposit 1 BERS, receiver:0xB5636466186A85615fFD789664dD8Fe06dbc5D89
[90m23.09.13 14:45:44[0m [ TESTER ] | DEBUG | deposit 1 BERS, receiver:0xa0A4725600B6ACF522Db136497c99ade841115f6
[90m23.09.13 14:45:44[0m [ TESTER ] | DEBUG | deposit 1 BERS, receiver:0x39406716032A24d6d3c993b2e044C6Aab75Fd7f4
[90m23.09.13 14:45:44[0m [ TESTER ] | DEBUG | deposit 1 BERS, receiver:0x95796CcF953292F4Ac657598F5379aE6113De366
[90m23.09.13 14:45:44[0m [ TESTER ] | DEBUG | deposit 1 BERS, receiver:0x7A291ecaA6727579703aEb8D476B79491A2D4e44
[90m23.09.13 14:45:44[0m [ TESTER ] | DEBUG | deposit 1 BERS, receiver:0xfe9707d53e71ba4b37A837d57AdcC20D0329bE5A
[90m23.09.13 14:45:44[0m [ TESTER ] | DEBUG | deposit 1 BERS, receiver:0x0B30295579fb09fe2b1fed5B6aa893Bd331e48Aa
[90m23.09.13 14:45:44[0m [ TESTER ] | DEBUG | deposit 1 BERS, receiver:0xe6525FD892a21f55473182465347e40C34053a55
[90m23.09.13 14:45:44[0m [ TESTER ] | DEBUG | deposit 1 BERS, receiver:0x70CE63eb07B5b8AA21cB123D756d759642E89644
[90m23.09.13 14:45:44[0m [ TESTER ] | DEBUG | deposit 1 BERS, receiver:0xFbB4076d2448ee59eF7E5Da23e8C068f977d36b3
[90m23.09.13 14:45:44[0m [ TESTER ] | DEBUG | deposit 1 BERS, receiver:0x76a6afCe8d402A03DA873A734362ed9D65F620a5
[90m23.09.13 14:45:44[0m [ TESTER ] | DEBUG | deposit 1 BERS, receiver:0xC6EB9Ae2EDb29D6f002a80FBd3599CD8134bbD18
[90m23.09.13 14:45:44[0m [ TESTER ] | DEBUG | deposit 1 BERS, receiver:0x5D6085f54Fac468155eE6D5967743F841533bF42
[90m23.09.13 14:45:44[0m [ TESTER ] | DEBUG | deposit 1 BERS, receiver:0xF5595f4E302Dde693C7201Fae8Cfe51b845951c9
{"level":"debug","time":"2023-09-13T14:45:44+09:00","message":"Suggested GP 1000000000"}
{"level":"debug","time":"2023-09-13T14:45:44+09:00","message":"Suggested GP 1000000000"}
{"level":"debug","time":"2023-09-13T14:45:44+09:00","message":"Suggested GP 1000000000"}
{"level":"debug","time":"2023-09-13T14:45:44+09:00","message":"Suggested GP 1000000000"}
{"level":"debug","time":"2023-09-13T14:45:44+09:00","message":"Suggested GP 1000000000"}
{"level":"debug","time":"2023-09-13T14:45:44+09:00","message":"Suggested GP 1000000000"}
{"level":"debug","time":"2023-09-13T14:45:44+09:00","message":"Suggested GP 1000000000"}
{"level":"debug","time":"2023-09-13T14:45:44+09:00","message":"Suggested GP 1000000000"}
{"level":"debug","time":"2023-09-13T14:45:44+09:00","message":"Suggested GP 1000000000"}
{"level":"debug","time":"2023-09-13T14:45:44+09:00","message":"Suggested GP 1000000000"}
{"level":"debug","time":"2023-09-13T14:45:44+09:00","message":"Suggested GP 1000000000"}
{"level":"debug","time":"2023-09-13T14:45:44+09:00","message":"Suggested GP 1000000000"}
{"level":"debug","time":"2023-09-13T14:45:44+09:00","message":"Suggested GP 1000000000"}
{"level":"debug","time":"2023-09-13T14:45:44+09:00","message":"Suggested GP 1000000000"}
{"level":"debug","time":"2023-09-13T14:45:44+09:00","message":"Suggested GP 1000000000"}
{"level":"debug","time":"2023-09-13T14:45:44+09:00","message":"Suggested GP 1000000000"}
{"level":"debug","time":"2023-09-13T14:45:44+09:00","message":"Suggested GP 1000000000"}
{"level":"debug","time":"2023-09-13T14:45:44+09:00","message":"Suggested GP 1000000000"}
{"level":"debug","time":"2023-09-13T14:45:44+09:00","message":"Suggested GP 1000000000"}
{"level":"debug","time":"2023-09-13T14:45:44+09:00","message":"Suggested GP 1000000000"}
{"level":"debug","time":"2023-09-13T14:45:44+09:00","message":"Suggested GP 1000000000"}
{"level":"debug","time":"2023-09-13T14:45:44+09:00","message":"Suggested GP 1000000000"}
{"level":"debug","time":"2023-09-13T14:45:44+09:00","message":"Suggested GP 1000000000"}
{"level":"debug","time":"2023-09-13T14:45:44+09:00","message":"Suggested GP 1000000000"}
{"level":"debug","time":"2023-09-13T14:45:44+09:00","message":"Suggested GP 1000000000"}
{"level":"debug","time":"2023-09-13T14:45:44+09:00","message":"Suggested GP 1000000000"}
{"level":"debug","time":"2023-09-13T14:45:44+09:00","message":"Suggested GP 1000000000"}
{"level":"debug","time":"2023-09-13T14:45:45+09:00","message":"Suggested GP 1000000000"}
{"level":"debug","time":"2023-09-13T14:45:45+09:00","message":"Suggested GP 1000000000"}
{"level":"debug","time":"2023-09-13T14:45:45+09:00","message":"Suggested GP 1000000000"}
{"level":"debug","time":"2023-09-13T14:45:45+09:00","message":"Suggested GP 1000000000"}
{"level":"debug","time":"2023-09-13T14:45:45+09:00","message":"Suggested GP 1000000000"}
{"level":"debug","time":"2023-09-13T14:45:45+09:00","message":"Suggested GP 1000000000"}
{"level":"debug","time":"2023-09-13T14:45:45+09:00","message":"Suggested GP 1000000000"}
{"level":"debug","time":"2023-09-13T14:45:45+09:00","message":"Suggested GP 1000000000"}
{"level":"debug","time":"2023-09-13T14:45:45+09:00","message":"Suggested GP 1000000000"}
{"level":"debug","time":"2023-09-13T14:45:45+09:00","message":"Suggested GP 1000000000"}
{"level":"debug","time":"2023-09-13T14:45:45+09:00","message":"Suggested GP 1000000000"}
{"level":"debug","time":"2023-09-13T14:45:45+09:00","message":"Suggested GP 1000000000"}
{"level":"debug","time":"2023-09-13T14:45:45+09:00","message":"Suggested GP 1000000000"}
{"level":"debug","time":"2023-09-13T14:45:45+09:00","message":"Suggested GP 1000000000"}
{"level":"debug","time":"2023-09-13T14:45:45+09:00","message":"Suggested GP 1000000000"}
{"level":"debug","time":"2023-09-13T14:45:45+09:00","message":"Suggested GP 1000000000"}
{"level":"debug","time":"2023-09-13T14:45:45+09:00","message":"Suggested GP 1000000000"}
{"level":"debug","time":"2023-09-13T14:45:45+09:00","message":"Suggested GP 1000000000"}
{"level":"debug","time":"2023-09-13T14:45:45+09:00","message":"Suggested GP 1000000000"}
{"level":"debug","time":"2023-09-13T14:45:45+09:00","message":"Suggested GP 1000000000"}
{"level":"debug","time":"2023-09-13T14:45:45+09:00","message":"Suggested GP 1000000000"}
{"level":"debug","time":"2023-09-13T14:45:45+09:00","message":"Suggested GP 1000000000"}
{"level":"debug","time":"2023-09-13T14:45:45+09:00","message":"Suggested GP 1000000000"}
{"level":"debug","time":"2023-09-13T14:45:45+09:00","message":"Suggested GP 1000000000"}
{"level":"debug","time":"2023-09-13T14:45:45+09:00","message":"Suggested GP 1000000000"}
{"level":"debug","time":"2023-09-13T14:45:45+09:00","message":"Suggested GP 1000000000"}
{"level":"debug","time":"2023-09-13T14:45:45+09:00","message":"Suggested GP 1000000000"}
{"level":"debug","time":"2023-09-13T14:45:45+09:00","message":"Suggested GP 1000000000"}
{"level":"debug","time":"2023-09-13T14:45:45+09:00","message":"Suggested GP 1000000000"}
{"level":"debug","time":"2023-09-13T14:45:45+09:00","message":"Suggested GP 1000000000"}
{"level":"debug","time":"2023-09-13T14:45:45+09:00","message":"Suggested GP 1000000000"}
{"level":"debug","time":"2023-09-13T14:45:45+09:00","message":"Suggested GP 1000000000"}
{"level":"debug","time":"2023-09-13T14:45:45+09:00","message":"Suggested GP 1000000000"}
{"level":"debug","time":"2023-09-13T14:45:45+09:00","message":"Suggested GP 1000000000"}
{"level":"debug","time":"2023-09-13T14:45:46+09:00","message":"Suggested GP 1000000000"}
{"level":"debug","time":"2023-09-13T14:45:46+09:00","message":"Suggested GP 1000000000"}
{"level":"debug","time":"2023-09-13T14:45:46+09:00","message":"Suggested GP 1000000000"}
{"level":"debug","time":"2023-09-13T14:45:46+09:00","message":"Suggested GP 1000000000"}
{"level":"debug","time":"2023-09-13T14:45:46+09:00","message":"Suggested GP 1000000000"}
{"level":"debug","time":"2023-09-13T14:45:46+09:00","message":"Suggested GP 1000000000"}
{"level":"debug","time":"2023-09-13T14:45:46+09:00","message":"Suggested GP 1000000000"}
{"level":"debug","time":"2023-09-13T14:45:46+09:00","message":"Suggested GP 1000000000"}
{"level":"debug","time":"2023-09-13T14:45:46+09:00","message":"Suggested GP 1000000000"}
{"level":"debug","time":"2023-09-13T14:45:46+09:00","message":"Suggested GP 1000000000"}
{"level":"debug","time":"2023-09-13T14:45:46+09:00","message":"Suggested GP 1000000000"}
{"level":"debug","time":"2023-09-13T14:45:46+09:00","message":"Suggested GP 1000000000"}
{"level":"debug","time":"2023-09-13T14:45:46+09:00","message":"Suggested GP 1000000000"}
{"level":"debug","time":"2023-09-13T14:45:46+09:00","message":"Suggested GP 1000000000"}
{"level":"debug","time":"2023-09-13T14:45:46+09:00","message":"Suggested GP 1000000000"}
{"level":"debug","time":"2023-09-13T14:45:46+09:00","message":"Suggested GP 1000000000"}
{"level":"debug","time":"2023-09-13T14:45:46+09:00","message":"Suggested GP 1000000000"}
{"level":"debug","time":"2023-09-13T14:45:46+09:00","message":"Suggested GP 1000000000"}
{"level":"debug","time":"2023-09-13T14:45:46+09:00","message":"Suggested GP 1000000000"}
{"level":"debug","time":"2023-09-13T14:45:46+09:00","message":"Suggested GP 1000000000"}
{"level":"debug","time":"2023-09-13T14:45:47+09:00","message":"Suggested GP 1000000000"}
{"level":"debug","time":"2023-09-13T14:45:47+09:00","message":"Suggested GP 1000000000"}
{"level":"debug","time":"2023-09-13T14:45:47+09:00","message":"Suggested GP 1000000000"}
{"level":"debug","time":"2023-09-13T14:45:47+09:00","message":"Suggested GP 1000000000"}
{"level":"debug","time":"2023-09-13T14:45:47+09:00","message":"Suggested GP 1000000000"}
{"level":"debug","time":"2023-09-13T14:45:47+09:00","message":"Suggested GP 1000000000"}
{"level":"debug","time":"2023-09-13T14:45:47+09:00","message":"Suggested GP 1000000000"}
{"level":"debug","time":"2023-09-13T14:45:47+09:00","message":"Suggested GP 1000000000"}
{"level":"debug","time":"2023-09-13T14:45:47+09:00","message":"Suggested GP 1000000000"}
{"level":"debug","time":"2023-09-13T14:45:47+09:00","message":"Suggested GP 1000000000"}
{"level":"debug","time":"2023-09-13T14:45:47+09:00","message":"Suggested GP 1000000000"}
{"level":"debug","time":"2023-09-13T14:45:47+09:00","message":"Suggested GP 1000000000"}
{"level":"debug","time":"2023-09-13T14:45:47+09:00","message":"Suggested GP 1000000000"}
{"level":"debug","time":"2023-09-13T14:45:47+09:00","message":"Suggested GP 1000000000"}
{"level":"debug","time":"2023-09-13T14:45:47+09:00","message":"Suggested GP 1000000000"}
{"level":"debug","time":"2023-09-13T14:45:47+09:00","message":"Suggested GP 1000000000"}
{"level":"debug","time":"2023-09-13T14:45:47+09:00","message":"Suggested GP 1000000000"}
{"level":"debug","time":"2023-09-13T14:45:47+09:00","message":"Suggested GP 1000000000"}
{"level":"debug","time":"2023-09-13T14:45:47+09:00","message":"Suggested GP 1000000000"}
[90m23.09.13 14:45:49[0m [ TESTER ] | DEBUG | method deposit executed [36mcontract=[0m0x770369CD955462d2da22fa674c8da8f8B0ef4DB9 [36mtxHash=[0m0x720a426f7ee1086b0ff2ec6861addb7a71ef53c16f2d46cb6811739bf3048387
[90m23.09.13 14:45:54[0m [ TESTER ] | DEBUG | method deposit executed [36mcontract=[0m0x770369CD955462d2da22fa674c8da8f8B0ef4DB9 [36mtxHash=[0m0x30cd9ef653510258d080cadf53e7fc1c2b0ea078111ded207dbfbd49204f671e
[90m23.09.13 14:45:54[0m [ TESTER ] | DEBUG | method deposit executed [36mcontract=[0m0x770369CD955462d2da22fa674c8da8f8B0ef4DB9 [36mtxHash=[0m0xc0f8b72827440b2070def88861fffa475c3c94295eab826c8d1525ef57837c52
[90m23.09.13 14:45:54[0m [ TESTER ] | DEBUG | method deposit executed [36mcontract=[0m0x770369CD955462d2da22fa674c8da8f8B0ef4DB9 [36mtxHash=[0m0xb7b97a1cf2a52225a35f2b88bb8f1d5ba450ef5a86b6bb9d279baee91256a0dd
[90m23.09.13 14:45:54[0m [ TESTER ] | DEBUG | method deposit executed [36mcontract=[0m0x770369CD955462d2da22fa674c8da8f8B0ef4DB9 [36mtxHash=[0m0x0082ab9929f5a6d50d4251145a9c9bb687970dd622058cf4a18c5b734471e8e1
[90m23.09.13 14:45:54[0m [ TESTER ] | DEBUG | method deposit executed [36mcontract=[0m0x770369CD955462d2da22fa674c8da8f8B0ef4DB9 [36mtxHash=[0m0xa50097fdec2939ae44cde20232d9b9daf18e39d63cba3cafe1f8a79e1d4ae37d
[90m23.09.13 14:45:54[0m [ TESTER ] | DEBUG | method deposit executed [36mcontract=[0m0x770369CD955462d2da22fa674c8da8f8B0ef4DB9 [36mtxHash=[0m0xb888e8421d05e6da5b97a3660dd96d87039edf2dbdd3ff597e8ab20a49ec547f
[90m23.09.13 14:45:54[0m [ TESTER ] | DEBUG | method deposit executed [36mcontract=[0m0x770369CD955462d2da22fa674c8da8f8B0ef4DB9 [36mtxHash=[0m0x41c795c5123e27ba8205f50d2ff56b406ec2501a1b8774779c734dea98917cbf
[90m23.09.13 14:45:54[0m [ TESTER ] | DEBUG | method deposit executed [36mcontract=[0m0x770369CD955462d2da22fa674c8da8f8B0ef4DB9 [36mtxHash=[0m0x8439ddcd95ac9fa30e05120fa76d5527a640edb29f8b6a3301d750b648239196
[90m23.09.13 14:45:54[0m [ TESTER ] | DEBUG | method deposit executed [36mcontract=[0m0x770369CD955462d2da22fa674c8da8f8B0ef4DB9 [36mtxHash=[0m0xcea5de27460d40fd6c985f75828a926a7900125a911e5ce3ee5a4fc48de3ed9a
[90m23.09.13 14:45:54[0m [ TESTER ] | DEBUG | method deposit executed [36mcontract=[0m0x770369CD955462d2da22fa674c8da8f8B0ef4DB9 [36mtxHash=[0m0x19ae0e69fe099e3cef9850a0b898287f63c3c976a0650864de280e6b6e69f242
[90m23.09.13 14:45:54[0m [ TESTER ] | DEBUG | method deposit executed [36mcontract=[0m0x770369CD955462d2da22fa674c8da8f8B0ef4DB9 [36mtxHash=[0m0x9aad012ec99106dc9e3c87eccfd3ecafde5a06604fe6ffad8c77f13197d382d8
[90m23.09.13 14:45:54[0m [ TESTER ] | DEBUG | method deposit executed [36mcontract=[0m0x770369CD955462d2da22fa674c8da8f8B0ef4DB9 [36mtxHash=[0m0xc8d062343579d372a62b3408527717df08f72cc3361ae216a5dde74db210167e
[90m23.09.13 14:45:54[0m [ TESTER ] | DEBUG | method deposit executed [36mcontract=[0m0x770369CD955462d2da22fa674c8da8f8B0ef4DB9 [36mtxHash=[0m0x90871d93056c9310829a698026d68a514250e337de4bcc029dd5e5e14000902f
[90m23.09.13 14:45:54[0m [ TESTER ] | DEBUG | method deposit executed [36mcontract=[0m0x770369CD955462d2da22fa674c8da8f8B0ef4DB9 [36mtxHash=[0m0x49633e3d6a12bcd5501c62ca009fc6ed09595b74192abcfd5603cba68c42b80a
[90m23.09.13 14:45:54[0m [ TESTER ] | DEBUG | method deposit executed [36mcontract=[0m0x770369CD955462d2da22fa674c8da8f8B0ef4DB9 [36mtxHash=[0m0x0e04b0b97aaa7cfb7198a9050ab96b34e4f5b3c244e72c0c261c79fd61582526
[90m23.09.13 14:45:54[0m [ TESTER ] | DEBUG | method deposit executed [36mcontract=[0m0x770369CD955462d2da22fa674c8da8f8B0ef4DB9 [36mtxHash=[0m0x166a42ce1e793eef85b8ee1a4b993b28682612a9cd1cc44d0e9af08b8b77bca9
[90m23.09.13 14:45:54[0m [ TESTER ] | DEBUG | method deposit executed [36mcontract=[0m0x770369CD955462d2da22fa674c8da8f8B0ef4DB9 [36mtxHash=[0m0x0568dafec3679df2d96a4bda266f714f57f21696e6f2793fd48877c61bd723e0
[90m23.09.13 14:45:54[0m [ TESTER ] | DEBUG | method deposit executed [36mcontract=[0m0x770369CD955462d2da22fa674c8da8f8B0ef4DB9 [36mtxHash=[0m0x844c14e65d68a54c88667fb0de01b6cfaffe40b6c56a36ba7d8e7e79f911b028
[90m23.09.13 14:45:54[0m [ TESTER ] | DEBUG | method deposit executed [36mcontract=[0m0x770369CD955462d2da22fa674c8da8f8B0ef4DB9 [36mtxHash=[0m0xb2b22133a683b400e2202256b8982967cbe7c9ccad80cc2f5b17e829a0eb3654
[90m23.09.13 14:45:54[0m [ TESTER ] | DEBUG | method deposit executed [36mcontract=[0m0x770369CD955462d2da22fa674c8da8f8B0ef4DB9 [36mtxHash=[0m0xb3bef88a42f26994a1ce1d931c287b89250886c83d231e03abc3ed7531d9b3f6
[90m23.09.13 14:45:54[0m [ TESTER ] | DEBUG | method deposit executed [36mcontract=[0m0x770369CD955462d2da22fa674c8da8f8B0ef4DB9 [36mtxHash=[0m0x49542509f087d219afe37d9e4691cf7e2f2ef6f3bead57752e99c388e1dafbec
[90m23.09.13 14:45:54[0m [ TESTER ] | DEBUG | method deposit executed [36mcontract=[0m0x770369CD955462d2da22fa674c8da8f8B0ef4DB9 [36mtxHash=[0m0xe84a56f1e15eb12a782d5c3ecced516f5ccf6bab5fa78bb9a925cd824b2f9045
[90m23.09.13 14:45:54[0m [ TESTER ] | DEBUG | method deposit executed [36mcontract=[0m0x770369CD955462d2da22fa674c8da8f8B0ef4DB9 [36mtxHash=[0m0x3dd0aa6588ffadc15b8f8ab48640bd012b5e5e0984bb218e6fd626a681f2fead
[90m23.09.13 14:45:54[0m [ TESTER ] | DEBUG | method deposit executed [36mcontract=[0m0x770369CD955462d2da22fa674c8da8f8B0ef4DB9 [36mtxHash=[0m0x7e0b77a15ccb1a23276917adb9c4d85b1a674202771dfcb995e8aeb72b44adc5
[90m23.09.13 14:45:54[0m [ TESTER ] | DEBUG | method deposit executed [36mcontract=[0m0x770369CD955462d2da22fa674c8da8f8B0ef4DB9 [36mtxHash=[0m0x1446705d37ba9d94ca3af6e859927e94cff5d62b7af46c865e5c1f3762cdd15a
[90m23.09.13 14:45:55[0m [ TESTER ] | DEBUG | method deposit executed [36mcontract=[0m0x770369CD955462d2da22fa674c8da8f8B0ef4DB9 [36mtxHash=[0m0x3ad0539670e34f0e18a3e0042aca939d97fa9465ea1dedc513a91c05c9fdc51c
[90m23.09.13 14:45:55[0m [ TESTER ] | DEBUG | method deposit executed [36mcontract=[0m0x770369CD955462d2da22fa674c8da8f8B0ef4DB9 [36mtxHash=[0m0x870728f40129ca4fa9145d671a398eef723fdf5cfb05ae1ae492d9f60a01d088
[90m23.09.13 14:45:55[0m [ TESTER ] | DEBUG | method deposit executed [36mcontract=[0m0x770369CD955462d2da22fa674c8da8f8B0ef4DB9 [36mtxHash=[0m0x5a2c788778b67d42644fb52c47a094f7af6018859971dcc3f0513371264e5b60
[90m23.09.13 14:45:55[0m [ TESTER ] | DEBUG | method deposit executed [36mcontract=[0m0x770369CD955462d2da22fa674c8da8f8B0ef4DB9 [36mtxHash=[0m0x3aad656aebfda25bedc0dc4c57e0d5343756e7a832620dd938e0b80404001c1c
[90m23.09.13 14:45:55[0m [ TESTER ] | DEBUG | method deposit executed [36mcontract=[0m0x770369CD955462d2da22fa674c8da8f8B0ef4DB9 [36mtxHash=[0m0x21d69daab9334e742321f3eb0a16229b356048efe4ce12fcb8edd69680baa4f6
[90m23.09.13 14:45:55[0m [ TESTER ] | DEBUG | method deposit executed [36mcontract=[0m0x770369CD955462d2da22fa674c8da8f8B0ef4DB9 [36mtxHash=[0m0xe7b9f2a5b5a041198181fefd99d545628a7a8c2baa392ed0a92ec82a9edb654e
[90m23.09.13 14:45:55[0m [ TESTER ] | DEBUG | method deposit executed [36mcontract=[0m0x770369CD955462d2da22fa674c8da8f8B0ef4DB9 [36mtxHash=[0m0x624d55eb3d570e8268c9d79b359dbbd8ea24513ff4e01494d171e40ca83e0b13
[90m23.09.13 14:45:55[0m [ TESTER ] | DEBUG | method deposit executed [36mcontract=[0m0x770369CD955462d2da22fa674c8da8f8B0ef4DB9 [36mtxHash=[0m0xe6186cf7d3d330374bffc011a9e31f1579f2e799a6a47436870045f830cc4e58
[90m23.09.13 14:45:55[0m [ TESTER ] | DEBUG | method deposit executed [36mcontract=[0m0x770369CD955462d2da22fa674c8da8f8B0ef4DB9 [36mtxHash=[0m0x56f5b30d980b9f45550ee56d143c23a0288ea06c183ec10e851745ba8682cebb
[90m23.09.13 14:45:55[0m [ TESTER ] | DEBUG | method deposit executed [36mcontract=[0m0x770369CD955462d2da22fa674c8da8f8B0ef4DB9 [36mtxHash=[0m0xba8c86ce6dfcfdc6c9cc200c13d92352fa7cbe1a6107b7327083fc41e8d2b43d
[90m23.09.13 14:45:55[0m [ TESTER ] | DEBUG | method deposit executed [36mcontract=[0m0x770369CD955462d2da22fa674c8da8f8B0ef4DB9 [36mtxHash=[0m0x7016b425b5543fa060bbffdab643a49e44846770b586657ea3e80c3cda3c0880
[90m23.09.13 14:45:55[0m [ TESTER ] | DEBUG | method deposit executed [36mcontract=[0m0x770369CD955462d2da22fa674c8da8f8B0ef4DB9 [36mtxHash=[0m0xba7d41a043ad92cadc78460a58ed22c355e838efa4f3ab3047dc31884c279a97
[90m23.09.13 14:45:55[0m [ TESTER ] | DEBUG | method deposit executed [36mcontract=[0m0x770369CD955462d2da22fa674c8da8f8B0ef4DB9 [36mtxHash=[0m0x9d84b2746047e1d32ac4a07a13f9a59be4d0d37fca36e28388150709474b2ec0
[90m23.09.13 14:45:55[0m [ TESTER ] | DEBUG | method deposit executed [36mcontract=[0m0x770369CD955462d2da22fa674c8da8f8B0ef4DB9 [36mtxHash=[0m0xa5402d5eaba08c300077b9e0b01eb1f5416486cc52265dbf0d651a498a93c62c
[90m23.09.13 14:45:55[0m [ TESTER ] | DEBUG | method deposit executed [36mcontract=[0m0x770369CD955462d2da22fa674c8da8f8B0ef4DB9 [36mtxHash=[0m0x4352d35784a86d109d21478472a6fac213e7d4b437b4a7b96fae781fa03e8b68
[90m23.09.13 14:45:55[0m [ TESTER ] | DEBUG | method deposit executed [36mcontract=[0m0x770369CD955462d2da22fa674c8da8f8B0ef4DB9 [36mtxHash=[0m0x306ff3be104e68dfb8a3c6280111a4429d7d592bf0cacd209bf171a34d9ead62
[90m23.09.13 14:45:55[0m [ TESTER ] | DEBUG | method deposit executed [36mcontract=[0m0x770369CD955462d2da22fa674c8da8f8B0ef4DB9 [36mtxHash=[0m0x39e5a927539046c7e8b38692ac73955c9744d3c2e0defef8877d5c28cb576e98
[90m23.09.13 14:45:55[0m [ TESTER ] | DEBUG | method deposit executed [36mcontract=[0m0x770369CD955462d2da22fa674c8da8f8B0ef4DB9 [36mtxHash=[0m0x530ff9f060b31093a88815c9a7a13d605c32ac7146e0dce6822dc9867a691f39
[90m23.09.13 14:45:55[0m [ TESTER ] | DEBUG | method deposit executed [36mcontract=[0m0x770369CD955462d2da22fa674c8da8f8B0ef4DB9 [36mtxHash=[0m0x8f445134ea77d3cb297bbfa11daaa02b152bafc82dbc3aecf82f6c1d42b32c80
[90m23.09.13 14:45:55[0m [ TESTER ] | DEBUG | method deposit executed [36mcontract=[0m0x770369CD955462d2da22fa674c8da8f8B0ef4DB9 [36mtxHash=[0m0x579c4ff3a0ee3133d7f8df252251f0683161dc51316a0be6366ef22897559b88
[90m23.09.13 14:45:55[0m [ TESTER ] | DEBUG | method deposit executed [36mcontract=[0m0x770369CD955462d2da22fa674c8da8f8B0ef4DB9 [36mtxHash=[0m0x01057dbe0f6e6ea863ab229e3a74a4fd2ebe9af79042d393b244d7be0550c93e
[90m23.09.13 14:45:55[0m [ TESTER ] | DEBUG | method deposit executed [36mcontract=[0m0x770369CD955462d2da22fa674c8da8f8B0ef4DB9 [36mtxHash=[0m0x6e44550459cfd84ae90a258e7f349b369117d58aaef59ecbfe764999952b8d16
[90m23.09.13 14:45:55[0m [ TESTER ] | DEBUG | method deposit executed [36mcontract=[0m0x770369CD955462d2da22fa674c8da8f8B0ef4DB9 [36mtxHash=[0m0x2aa7cfd748ff00d2cbd60f37ddb83d594b48c5c4596496daa6d61879f2d5f2f2
[90m23.09.13 14:45:55[0m [ TESTER ] | DEBUG | method deposit executed [36mcontract=[0m0x770369CD955462d2da22fa674c8da8f8B0ef4DB9 [36mtxHash=[0m0x14cf5888d05633848db4a8888694e6c94a0c5562ae1bd71b4433ee4e530b97a7
[90m23.09.13 14:45:55[0m [ TESTER ] | DEBUG | method deposit executed [36mcontract=[0m0x770369CD955462d2da22fa674c8da8f8B0ef4DB9 [36mtxHash=[0m0x3047df3a77502c57721861c64f968bfad85c269a50d6b6bac3a3ef0c6f448393
[90m23.09.13 14:45:55[0m [ TESTER ] | DEBUG | method deposit executed [36mcontract=[0m0x770369CD955462d2da22fa674c8da8f8B0ef4DB9 [36mtxHash=[0m0x39e952c57b5e1c52dc7e5a90f9863b97c2c0f1edd80492941b73345c753d90cf
[90m23.09.13 14:45:55[0m [ TESTER ] | DEBUG | method deposit executed [36mcontract=[0m0x770369CD955462d2da22fa674c8da8f8B0ef4DB9 [36mtxHash=[0m0x17c3b8e48dfcd2dfb01d96a32337729d1c3b142392228d5c564312764cdfe479
[90m23.09.13 14:45:55[0m [ TESTER ] | DEBUG | method deposit executed [36mcontract=[0m0x770369CD955462d2da22fa674c8da8f8B0ef4DB9 [36mtxHash=[0m0x83c61f613544e2297de89ef5020a3308b7f0e618fe7dc30044043a8de7df9640
[90m23.09.13 14:45:55[0m [ TESTER ] | DEBUG | method deposit executed [36mcontract=[0m0x770369CD955462d2da22fa674c8da8f8B0ef4DB9 [36mtxHash=[0m0xc119f9b28d7dbbd597a9eca87e3a4db8482eb45a3a50d4a7650e4eb3d5a01bea
[90m23.09.13 14:45:55[0m [ TESTER ] | DEBUG | method deposit executed [36mcontract=[0m0x770369CD955462d2da22fa674c8da8f8B0ef4DB9 [36mtxHash=[0m0x439d56ca9fcb61e990546aab47651735184c3263a30c7841269b8718116f9587
[90m23.09.13 14:45:55[0m [ TESTER ] | DEBUG | method deposit executed [36mcontract=[0m0x770369CD955462d2da22fa674c8da8f8B0ef4DB9 [36mtxHash=[0m0x2384285eeabf7ed63a349097c23e69f9a493e8dfdc733402e73756114ff37f80
[90m23.09.13 14:45:55[0m [ TESTER ] | DEBUG | method deposit executed [36mcontract=[0m0x770369CD955462d2da22fa674c8da8f8B0ef4DB9 [36mtxHash=[0m0x2ac5f0e4378d7b277632c75ad1d6771e49c84589b13a1d964626d0ec3e712e6a
[90m23.09.13 14:45:55[0m [ TESTER ] | DEBUG | method deposit executed [36mcontract=[0m0x770369CD955462d2da22fa674c8da8f8B0ef4DB9 [36mtxHash=[0m0xa2bf9d91417f07f96c3088065dfd27c8cccb828b4254f46298ff39d84a2b2978
[90m23.09.13 14:45:55[0m [ TESTER ] | DEBUG | method deposit executed [36mcontract=[0m0x770369CD955462d2da22fa674c8da8f8B0ef4DB9 [36mtxHash=[0m0x31f9120cdb2d928758469d5950eca99037a6cdab9309f16421bb9c725b40eb7f
[90m23.09.13 14:45:56[0m [ TESTER ] | DEBUG | method deposit executed [36mcontract=[0m0x770369CD955462d2da22fa674c8da8f8B0ef4DB9 [36mtxHash=[0m0x359ce83ff041cefffcc8b3a8e4db343526e48e3faf40ba6ae1ef4275e57c34de
[90m23.09.13 14:45:56[0m [ TESTER ] | DEBUG | method deposit executed [36mcontract=[0m0x770369CD955462d2da22fa674c8da8f8B0ef4DB9 [36mtxHash=[0m0x014e751d500d12e5af1098b85f1807a0993c203182b0eb27db6b52453bcdafc4
[90m23.09.13 14:45:56[0m [ TESTER ] | DEBUG | method deposit executed [36mcontract=[0m0x770369CD955462d2da22fa674c8da8f8B0ef4DB9 [36mtxHash=[0m0x254d1ae0a5acf6b8bb09f5484f143753d0a7af0fa8f76ce1e05e471842c653c9
[90m23.09.13 14:45:56[0m [ TESTER ] | DEBUG | method deposit executed [36mcontract=[0m0x770369CD955462d2da22fa674c8da8f8B0ef4DB9 [36mtxHash=[0m0x3a496c4c938a0f8f47ba1df6e9d344dce803c66685c58c49c439d76ba596091d
[90m23.09.13 14:45:56[0m [ TESTER ] | DEBUG | method deposit executed [36mcontract=[0m0x770369CD955462d2da22fa674c8da8f8B0ef4DB9 [36mtxHash=[0m0x2844c77bfcc8d8f267cb102cdda63e33fd97ab35cd185bf5b467c956f91921f3
[90m23.09.13 14:45:56[0m [ TESTER ] | DEBUG | method deposit executed [36mcontract=[0m0x770369CD955462d2da22fa674c8da8f8B0ef4DB9 [36mtxHash=[0m0x9459f79312ea1c95c7edaa0f696c4b7a2dc29d8a94d09c0d017f399c543ad66d
[90m23.09.13 14:45:56[0m [ TESTER ] | DEBUG | method deposit executed [36mcontract=[0m0x770369CD955462d2da22fa674c8da8f8B0ef4DB9 [36mtxHash=[0m0x5d0a9415d6e890d377b7a818818319a89bbe91590c10995d961771492a18f15f
[90m23.09.13 14:45:56[0m [ TESTER ] | DEBUG | method deposit executed [36mcontract=[0m0x770369CD955462d2da22fa674c8da8f8B0ef4DB9 [36mtxHash=[0m0xfe94393eb9147c4b30787287f781d518c647459cd43e62c9873847c882c920f1
[90m23.09.13 14:45:56[0m [ TESTER ] | DEBUG | method deposit executed [36mcontract=[0m0x770369CD955462d2da22fa674c8da8f8B0ef4DB9 [36mtxHash=[0m0x21bbb56becb61547b8800e791c0f44abfa6ab83009d34d47b0a4fc12bce8569c
[90m23.09.13 14:45:56[0m [ TESTER ] | DEBUG | method deposit executed [36mcontract=[0m0x770369CD955462d2da22fa674c8da8f8B0ef4DB9 [36mtxHash=[0m0xff6561719f2e7a2a687c6e1f440c613c973afcea7f3382a9c4a40b5d35105b32
[90m23.09.13 14:45:56[0m [ TESTER ] | DEBUG | method deposit executed [36mcontract=[0m0x770369CD955462d2da22fa674c8da8f8B0ef4DB9 [36mtxHash=[0m0x455b89a6584a878ca4d15284aab74acccce346aba745ab9c995e5d64a4f77d30
[90m23.09.13 14:45:56[0m [ TESTER ] | DEBUG | method deposit executed [36mcontract=[0m0x770369CD955462d2da22fa674c8da8f8B0ef4DB9 [36mtxHash=[0m0xa7984d6d23fe1e3ccdb38931ca9d377b6d20354022a039bbfea826a9bbdd971d
[90m23.09.13 14:45:56[0m [ TESTER ] | DEBUG | method deposit executed [36mcontract=[0m0x770369CD955462d2da22fa674c8da8f8B0ef4DB9 [36mtxHash=[0m0x9c7769312ba5505dc3b7477e008e1c3f9f226ff28b5356101c4600c81c24c0fa
[90m23.09.13 14:45:56[0m [ TESTER ] | DEBUG | method deposit executed [36mcontract=[0m0x770369CD955462d2da22fa674c8da8f8B0ef4DB9 [36mtxHash=[0m0x3dfc4f5c55c7bf32716e454d1f753739a04e0ba74c0da54495435bca1277a494
[90m23.09.13 14:45:56[0m [ TESTER ] | DEBUG | method deposit executed [36mcontract=[0m0x770369CD955462d2da22fa674c8da8f8B0ef4DB9 [36mtxHash=[0m0xe58542cefdfe4582f0fa30e001cf92a6fba1388cf93416a4615943dc07c3939b
[90m23.09.13 14:45:56[0m [ TESTER ] | DEBUG | method deposit executed [36mcontract=[0m0x770369CD955462d2da22fa674c8da8f8B0ef4DB9 [36mtxHash=[0m0x06f17464dc4c93ab68ee50409ac47362633ff5350b89704be60505feaccf0f86
[90m23.09.13 14:45:56[0m [ TESTER ] | DEBUG | method deposit executed [36mcontract=[0m0x770369CD955462d2da22fa674c8da8f8B0ef4DB9 [36mtxHash=[0m0x973f4705262b08e9a601d7a47e36a6d47045fc786e56dc3a705f9947b6498f81
[90m23.09.13 14:45:56[0m [ TESTER ] | DEBUG | method deposit executed [36mcontract=[0m0x770369CD955462d2da22fa674c8da8f8B0ef4DB9 [36mtxHash=[0m0xcb61916f191e3fcb08b5f1dc59dffc9bdfef58ec65ae47ef71d3040746c41d28
[90m23.09.13 14:45:56[0m [ TESTER ] | DEBUG | method deposit executed [36mcontract=[0m0x770369CD955462d2da22fa674c8da8f8B0ef4DB9 [36mtxHash=[0m0xd01d402f080e4fc3048fbf0b2f795117ac7ae38df1434fb4fb42d943db14b0ce
[90m23.09.13 14:45:56[0m [ TESTER ] | DEBUG | method deposit executed [36mcontract=[0m0x770369CD955462d2da22fa674c8da8f8B0ef4DB9 [36mtxHash=[0m0x439f6947e358bef570f32048dbb80b34331f1638d5878a05068072da9576ae34
[90m23.09.13 14:45:57[0m [ TESTER ] | DEBUG | method deposit executed [36mcontract=[0m0x770369CD955462d2da22fa674c8da8f8B0ef4DB9 [36mtxHash=[0m0x90959d903d15d7da7467fa133767fd084a86aec993cb932fea71a20347ea52fe
[90m23.09.13 14:45:57[0m [ TESTER ] | DEBUG | method deposit executed [36mcontract=[0m0x770369CD955462d2da22fa674c8da8f8B0ef4DB9 [36mtxHash=[0m0x840d67150ddf46cc91c224f2db48daee8141994935d58eaa9ac4ae2dde3b6d6b
[90m23.09.13 14:45:57[0m [ TESTER ] | DEBUG | method deposit executed [36mcontract=[0m0x770369CD955462d2da22fa674c8da8f8B0ef4DB9 [36mtxHash=[0m0x55165ff31d00e4f6b9281b6796018ab5b4d10f1fb7ca9b67af636ece9e20c56c
[90m23.09.13 14:45:57[0m [ TESTER ] | DEBUG | method deposit executed [36mcontract=[0m0x770369CD955462d2da22fa674c8da8f8B0ef4DB9 [36mtxHash=[0m0xad2cdf5fa4574ee7a7733700f5836b4086f75b96e012e4fd14a432fdb365938d
[90m23.09.13 14:45:57[0m [ TESTER ] | DEBUG | method deposit executed [36mcontract=[0m0x770369CD955462d2da22fa674c8da8f8B0ef4DB9 [36mtxHash=[0m0x9fbba91b9dba5388cb73ca9744e7f29f5e4137fac779e3f9c2a6d2af3962b9fa
[90m23.09.13 14:45:57[0m [ TESTER ] | DEBUG | method deposit executed [36mcontract=[0m0x770369CD955462d2da22fa674c8da8f8B0ef4DB9 [36mtxHash=[0m0xffbe2527aae4a9d391d60c06806afc98a9501aea49ef0fac8bfc6be17f6f2b27
[90m23.09.13 14:45:57[0m [ TESTER ] | DEBUG | method deposit executed [36mcontract=[0m0x770369CD955462d2da22fa674c8da8f8B0ef4DB9 [36mtxHash=[0m0x820c1caae0e046e059f97eaa926c4186021d6ebb6f28fb586aceee9d2bffd4d9
[90m23.09.13 14:45:57[0m [ TESTER ] | DEBUG | method deposit executed [36mcontract=[0m0x770369CD955462d2da22fa674c8da8f8B0ef4DB9 [36mtxHash=[0m0xd98f26fd9002204c547bb113a528c31c1952599e401546fdd0d7d0520cef03a1
[90m23.09.13 14:45:57[0m [ TESTER ] | DEBUG | method deposit executed [36mcontract=[0m0x770369CD955462d2da22fa674c8da8f8B0ef4DB9 [36mtxHash=[0m0x40ac8f6e90a980a76ed8706b9965ca2ce3e15d78d0a5320303f556b49b614553
[90m23.09.13 14:45:57[0m [ TESTER ] | DEBUG | method deposit executed [36mcontract=[0m0x770369CD955462d2da22fa674c8da8f8B0ef4DB9 [36mtxHash=[0m0x0696fb81fdb13e442fb2d730640a42998a69c07b37403f01e65cde2862bcfca2
[90m23.09.13 14:45:57[0m [ TESTER ] | DEBUG | method deposit executed [36mcontract=[0m0x770369CD955462d2da22fa674c8da8f8B0ef4DB9 [36mtxHash=[0m0xd5e048d10bdf3790d72480742e96bb7f6447fb766b8a4285327620759f4f1e02
[90m23.09.13 14:45:57[0m [ TESTER ] | DEBUG | method deposit executed [36mcontract=[0m0x770369CD955462d2da22fa674c8da8f8B0ef4DB9 [36mtxHash=[0m0x956a118b594084f79adc825ac2d398505451f67d2568abdfe2fe48d86433b23e
[90m23.09.13 14:45:57[0m [ TESTER ] | DEBUG | method deposit executed [36mcontract=[0m0x770369CD955462d2da22fa674c8da8f8B0ef4DB9 [36mtxHash=[0m0xa7406a4b2c7d8b1b91d1cde39b79b66187c6f01bb385ad08841ab0fc6f774dc7
[90m23.09.13 14:45:57[0m [ TESTER ] | DEBUG | method deposit executed [36mcontract=[0m0x770369CD955462d2da22fa674c8da8f8B0ef4DB9 [36mtxHash=[0m0xa221178fb4ed8e9495525683c2e6635cb73ab618d9b2c59b9aeff7e50504cce3
[90m23.09.13 14:45:57[0m [ TESTER ] | DEBUG | method deposit executed [36mcontract=[0m0x770369CD955462d2da22fa674c8da8f8B0ef4DB9 [36mtxHash=[0m0xca173e1e25c833e2b805b1d104dbbd3d16941e089dab929de6386664e4d5e89d
[90m23.09.13 14:45:57[0m [ TESTER ] | DEBUG | method deposit executed [36mcontract=[0m0x770369CD955462d2da22fa674c8da8f8B0ef4DB9 [36mtxHash=[0m0xc69b3d9f1249e04b9688f01fe038103f84953fc1dce587f9956c00e4bb2733e3
[90m23.09.13 14:45:57[0m [ TESTER ] | DEBUG | method deposit executed [36mcontract=[0m0x770369CD955462d2da22fa674c8da8f8B0ef4DB9 [36mtxHash=[0m0xc3fb7deff64c3dd56af1b768b11dda2bb6e35eb193965b90b69c70f26bf49b62
[90m23.09.13 14:45:57[0m [ TESTER ] | DEBUG | method deposit executed [36mcontract=[0m0x770369CD955462d2da22fa674c8da8f8B0ef4DB9 [36mtxHash=[0m0xf03370f6f2f57b2737bb60a097aa3feea5c6927b6d2d0cd92aae223b9c61b5fd
[90m23.09.13 14:45:57[0m [ TESTER ] | DEBUG | method deposit executed [36mcontract=[0m0x770369CD955462d2da22fa674c8da8f8B0ef4DB9 [36mtxHash=[0m0xbffaaa10775f6e00198d1a0ae27672dc74fbb5f73136973fc11f952dd03b13be
[90m23.09.13 14:45:57[0m [ TESTER ] | DEBUG | method deposit executed [36mcontract=[0m0x770369CD955462d2da22fa674c8da8f8B0ef4DB9 [36mtxHash=[0m0x2dec9971ec750d3b74b3119f8f2975e79e18c7a4e82d64a2e4ea669d9459165a
[90m23.09.13 14:45:57[0m [ KLAYTN-TEST ] | DEBUG | transfer 1 tokens to 0xF5595f4E302Dde693C7201Fae8Cfe51b845951c9
[90m23.09.13 14:45:57[0m [ KLAYTN-TEST ] | DEBUG | transfer 1 tokens to 0xb653e5C3603f000aE300dc133b2A727727e34eB6
[90m23.09.13 14:45:57[0m [ KLAYTN-TEST ] | DEBUG | transfer 1 tokens to 0xbA2695EC0054fDd6C498b0F9a286eFA3799d7826
[90m23.09.13 14:45:57[0m [ KLAYTN-TEST ] | DEBUG | transfer 1 tokens to 0x79af1d12cB2fe2661F7259BdBB4135396aF92e16
[90m23.09.13 14:45:57[0m [ KLAYTN-TEST ] | DEBUG | transfer 1 tokens to 0xC0dc98E0DFAaCaD0f68Ce4b5215CBC4370c9D7e5
[90m23.09.13 14:45:57[0m [ KLAYTN-TEST ] | DEBUG | transfer 1 tokens to 0x2e7ba5f1a8242dEbb97E4855A68DfdF63F8613dC
[90m23.09.13 14:45:57[0m [ KLAYTN-TEST ] | DEBUG | transfer 1 tokens to 0xaDd89b4EA61AEd57853EC2bCE3cB64f94DCccAF0
[90m23.09.13 14:45:57[0m [ KLAYTN-TEST ] | DEBUG | transfer 1 tokens to 0x91De5FCe2a55720AD74a34F8c56bA12Df48d25f4
[90m23.09.13 14:45:57[0m [ KLAYTN-TEST ] | DEBUG | transfer 1 tokens to 0x09a621c3580060f98b030e7cf5002E764c3892f8
[90m23.09.13 14:45:57[0m [ KLAYTN-TEST ] | DEBUG | transfer 1 tokens to 0x8dd4f81777F71B78dfeCD2dd62dc74ee02786523
[90m23.09.13 14:45:57[0m [ KLAYTN-TEST ] | DEBUG | transfer 1 tokens to 0x18980aB4611dCdC5D980fC17D1B3fc38daf1bF9B
[90m23.09.13 14:45:57[0m [ KLAYTN-TEST ] | DEBUG | transfer 1 tokens to 0x2A2a472C21c330FF05B1FCd8356cBb6fEBD0333a
[90m23.09.13 14:45:57[0m [ KLAYTN-TEST ] | DEBUG | transfer 1 tokens to 0xBcA5bf900fb07bf446076032fb8f109d12426C99
[90m23.09.13 14:45:57[0m [ KLAYTN-TEST ] | DEBUG | transfer 1 tokens to 0x021A37A204E3Adc0E064dF75aac0B4E16E040B31
[90m23.09.13 14:45:57[0m [ KLAYTN-TEST ] | DEBUG | transfer 1 tokens to 0x559BAEd177cD0a6917bFCFa6033979e57E4F6a8D
[90m23.09.13 14:45:57[0m [ KLAYTN-TEST ] | DEBUG | transfer 1 tokens to 0x8649A5D643b4150e2075a8dD43f7d3A03CfD83b2
[90m23.09.13 14:45:57[0m [ KLAYTN-TEST ] | DEBUG | transfer 1 tokens to 0x5D7E3151d032E12a36CAabBbe25a5466A920bE40
[90m23.09.13 14:45:57[0m [ KLAYTN-TEST ] | DEBUG | transfer 1 tokens to 0x7Ab3e19e11846e00BeAB7D014BCe9718f9CAae31
[90m23.09.13 14:45:57[0m [ KLAYTN-TEST ] | DEBUG | transfer 1 tokens to 0x57Ea0deC36a6D470Abb1c043AFb822B504cB6e72
[90m23.09.13 14:45:57[0m [ KLAYTN-TEST ] | DEBUG | transfer 1 tokens to 0xCE1CB82560Fea7e9de6951067BDD146b84Fc4240
[90m23.09.13 14:45:57[0m [ KLAYTN-TEST ] | DEBUG | transfer 1 tokens to 0x2a84944c6c2005F84b40FAF076Dd62cE21761d85
[90m23.09.13 14:45:57[0m [ KLAYTN-TEST ] | DEBUG | transfer 1 tokens to 0xA7F11C5B4ba1D4b7849F7BA789fBccE82D673e7e
[90m23.09.13 14:45:57[0m [ KLAYTN-TEST ] | DEBUG | transfer 1 tokens to 0x9C0D021F6c5a84C934415328947bb66f40959f6e
[90m23.09.13 14:45:57[0m [ KLAYTN-TEST ] | DEBUG | transfer 1 tokens to 0xd65418602517440e4d26E489bb17548d40DE3b2E
[90m23.09.13 14:45:57[0m [ KLAYTN-TEST ] | DEBUG | transfer 1 tokens to 0x14133A333C414B1B468F895037cAf3533d363C36
[90m23.09.13 14:45:57[0m [ KLAYTN-TEST ] | DEBUG | transfer 1 tokens to 0x322c90f2BC82e96618D211ff65d0fFBdC80AaCe3
[90m23.09.13 14:45:57[0m [ KLAYTN-TEST ] | DEBUG | transfer 1 tokens to 0xdE9013F5b1BF05d157A87063a179d905594D1415
[90m23.09.13 14:45:57[0m [ KLAYTN-TEST ] | DEBUG | transfer 1 tokens to 0x2EF91F4016DFF552C6c3497EA4Ecf1082b1C5959
[90m23.09.13 14:45:57[0m [ KLAYTN-TEST ] | DEBUG | transfer 1 tokens to 0x85cB2FAE773952a5b606bc3b5f7726C6DD839Fb9
[90m23.09.13 14:45:57[0m [ KLAYTN-TEST ] | DEBUG | transfer 1 tokens to 0x39Fb9380890a375859aB7eBFa55fAb65a47BD413
[90m23.09.13 14:45:57[0m [ KLAYTN-TEST ] | DEBUG | transfer 1 tokens to 0x35258f99111197d09F51b6689AbCBC4C0c3d6654
[90m23.09.13 14:45:57[0m [ KLAYTN-TEST ] | DEBUG | transfer 1 tokens to 0xA93A3741F6103B5Ba39b28C2Be441dDF3F40FcFC
[90m23.09.13 14:45:57[0m [ KLAYTN-TEST ] | DEBUG | transfer 1 tokens to 0x8Ae9c069C64E28f89c4459a7Cb5eB7bDc33FB68D
[90m23.09.13 14:45:57[0m [ KLAYTN-TEST ] | DEBUG | transfer 1 tokens to 0x741F36596f9bDcDc3914780C7184613CE9A34121
[90m23.09.13 14:45:57[0m [ KLAYTN-TEST ] | DEBUG | transfer 1 tokens to 0x86A72F1B1Ab3FA8611A28B8A9603547E462588fb
[90m23.09.13 14:45:57[0m [ KLAYTN-TEST ] | DEBUG | transfer 1 tokens to 0xa2C62644125E7F30b118bFaF79FCfD93b14650DB
[90m23.09.13 14:45:57[0m [ KLAYTN-TEST ] | DEBUG | transfer 1 tokens to 0x511AE2D4f27484469ee887Eb6068034147993F26
[90m23.09.13 14:45:57[0m [ KLAYTN-TEST ] | DEBUG | transfer 1 tokens to 0x8169B62BAbbDAc03A7aF15c84d8EBf78E8900C6E
[90m23.09.13 14:45:57[0m [ KLAYTN-TEST ] | DEBUG | transfer 1 tokens to 0x400fD4714dF0081b01628eE6581fd83841583D80
[90m23.09.13 14:45:57[0m [ KLAYTN-TEST ] | DEBUG | transfer 1 tokens to 0xeB3E3981a1E0939e556ea6eBd3516a23adddA920
[90m23.09.13 14:45:57[0m [ KLAYTN-TEST ] | DEBUG | transfer 1 tokens to 0xc88af3217F3809B06173D0d43EBdE01b4909eDbc
[90m23.09.13 14:45:57[0m [ KLAYTN-TEST ] | DEBUG | transfer 1 tokens to 0xD3799029634526596dfbE98B3B7CB428282048a0
[90m23.09.13 14:45:57[0m [ KLAYTN-TEST ] | DEBUG | transfer 1 tokens to 0xc097d4b5Bd4E3BF93b5a83466552b7095912FFeD
[90m23.09.13 14:45:57[0m [ KLAYTN-TEST ] | DEBUG | transfer 1 tokens to 0x46a0a5323A096224F38EA727712Fcf22B4B45042
[90m23.09.13 14:45:57[0m [ KLAYTN-TEST ] | DEBUG | transfer 1 tokens to 0xf5F9eB75585E0C37dB6E40b03F922981d9310c92
[90m23.09.13 14:45:57[0m [ KLAYTN-TEST ] | DEBUG | transfer 1 tokens to 0xf8Ef3450DB0D64181bdec1764731F5967b0E9367
[90m23.09.13 14:45:57[0m [ KLAYTN-TEST ] | DEBUG | transfer 1 tokens to 0xC5cab75f55536B4bA8662bFFbA76DEcE77fEB3e7
[90m23.09.13 14:45:57[0m [ KLAYTN-TEST ] | DEBUG | transfer 1 tokens to 0x150fC226fc15f0a21A8E798c48aDF46E4b45577D
[90m23.09.13 14:45:57[0m [ KLAYTN-TEST ] | DEBUG | transfer 1 tokens to 0x8df2BE5a17993Ce0acbCC6806392dbdBc51Ed8ce
[90m23.09.13 14:45:57[0m [ KLAYTN-TEST ] | DEBUG | transfer 1 tokens to 0x6466d81198cE3EAe4D3a69AE4751D472EFD9c5b5
[90m23.09.13 14:45:57[0m [ KLAYTN-TEST ] | DEBUG | transfer 1 tokens to 0x53a471CF617D2BA6263B402cF9f1a049BE38D39d
[90m23.09.13 14:45:57[0m [ KLAYTN-TEST ] | DEBUG | transfer 1 tokens to 0x2Fde14DAB5C894A48734c0e9191961B2020e0d43
[90m23.09.13 14:45:57[0m [ KLAYTN-TEST ] | DEBUG | transfer 1 tokens to 0xaa3720Ad64CFA5413dbf920B2Ee280216d62d212
[90m23.09.13 14:45:57[0m [ KLAYTN-TEST ] | DEBUG | transfer 1 tokens to 0xfaDE414352987E7b3D9E544d8f346aEEfd54264D
[90m23.09.13 14:45:57[0m [ KLAYTN-TEST ] | DEBUG | transfer 1 tokens to 0x79b252dd502b0D1d6EdC410eC8A0c875F0285Aca
[90m23.09.13 14:45:57[0m [ KLAYTN-TEST ] | DEBUG | transfer 1 tokens to 0x805Ea0f7852A21606EB5ee778423A7C7deE8CB91
[90m23.09.13 14:45:57[0m [ KLAYTN-TEST ] | DEBUG | transfer 1 tokens to 0xC36767Ea2Bd727Cf8b881e1951445aEc5F2E553A
[90m23.09.13 14:45:57[0m [ KLAYTN-TEST ] | DEBUG | transfer 1 tokens to 0xd59026772b3ba5baC300f422B76844d5658E5a68
[90m23.09.13 14:45:57[0m [ KLAYTN-TEST ] | DEBUG | transfer 1 tokens to 0xca600A767D050F687967006E8Db19521c1C3f655
[90m23.09.13 14:45:57[0m [ KLAYTN-TEST ] | DEBUG | transfer 1 tokens to 0xc2610e0F52fccC82eD8c0f755Bd862ACb9090493
[90m23.09.13 14:45:57[0m [ KLAYTN-TEST ] | DEBUG | transfer 1 tokens to 0x2746Ebcf330395F2d97f7f3a525D351fAd4Ec6Ed
[90m23.09.13 14:45:57[0m [ KLAYTN-TEST ] | DEBUG | transfer 1 tokens to 0x5D3281ad6EBbfa5462FC2a4c99FaF0Ee65bb3Eca
[90m23.09.13 14:45:57[0m [ KLAYTN-TEST ] | DEBUG | transfer 1 tokens to 0x32299279B502E7C380f4199E361c058D0060234b
[90m23.09.13 14:45:57[0m [ KLAYTN-TEST ] | DEBUG | transfer 1 tokens to 0xcD469c5b0253CD725cF9fFd78F9B87C8E9Bbb160
[90m23.09.13 14:45:57[0m [ KLAYTN-TEST ] | DEBUG | transfer 1 tokens to 0x4c8B4A988A22BEbf45188b964D0AE66370358F83
[90m23.09.13 14:45:57[0m [ KLAYTN-TEST ] | DEBUG | transfer 1 tokens to 0x1aDa11be64fB592a2ba7a81CD52Ae5C2CDAb9473
[90m23.09.13 14:45:57[0m [ KLAYTN-TEST ] | DEBUG | transfer 1 tokens to 0x72593a3E8929747683Da925ac5483336a32945eF
[90m23.09.13 14:45:57[0m [ KLAYTN-TEST ] | DEBUG | transfer 1 tokens to 0xB21DcfCb2C73F114d2DbF34052154E8678483369
[90m23.09.13 14:45:57[0m [ KLAYTN-TEST ] | DEBUG | transfer 1 tokens to 0x8B76f3B64a4DbFF27351A93bAFb6208c4F48fF28
[90m23.09.13 14:45:57[0m [ KLAYTN-TEST ] | DEBUG | transfer 1 tokens to 0xe6525FD892a21f55473182465347e40C34053a55
[90m23.09.13 14:45:57[0m [ KLAYTN-TEST ] | DEBUG | transfer 1 tokens to 0xd895d482E6B9e49E5C7cC6970E1BAd3d8a8E4bcE
[90m23.09.13 14:45:57[0m [ KLAYTN-TEST ] | DEBUG | transfer 1 tokens to 0x511F8A22C2e1685b1946E91456ef2D32004CE7Cd
[90m23.09.13 14:45:57[0m [ KLAYTN-TEST ] | DEBUG | transfer 1 tokens to 0x5D6085f54Fac468155eE6D5967743F841533bF42
[90m23.09.13 14:45:57[0m [ KLAYTN-TEST ] | DEBUG | transfer 1 tokens to 0x70CE63eb07B5b8AA21cB123D756d759642E89644
[90m23.09.13 14:45:57[0m [ KLAYTN-TEST ] | DEBUG | transfer 1 tokens to 0x582386b02e54faf351FAB9A047D04D2b84251812
[90m23.09.13 14:45:57[0m [ KLAYTN-TEST ] | DEBUG | transfer 1 tokens to 0xfe9707d53e71ba4b37A837d57AdcC20D0329bE5A
[90m23.09.13 14:45:57[0m [ KLAYTN-TEST ] | DEBUG | transfer 1 tokens to 0x1A83bfB7cb63942F02E44c32C962dA18ce1bf6cF
[90m23.09.13 14:45:57[0m [ KLAYTN-TEST ] | DEBUG | transfer 1 tokens to 0x5821cb4A1d8ffbc03Aac253a8b3f8d3BF8D07b56
[90m23.09.13 14:45:57[0m [ KLAYTN-TEST ] | DEBUG | transfer 1 tokens to 0x5f45a735DeeAce6F18e65f5530c1799bcF32d8a8
[90m23.09.13 14:45:57[0m [ KLAYTN-TEST ] | DEBUG | transfer 1 tokens to 0xAd6FE1144862894FDd8C876fd2dfBd407f96f7e8
[90m23.09.13 14:45:57[0m [ KLAYTN-TEST ] | DEBUG | transfer 1 tokens to 0xBAcc15984Bb2b929F78456A460E9fa27e90D7Eda
[90m23.09.13 14:45:57[0m [ KLAYTN-TEST ] | DEBUG | transfer 1 tokens to 0x6B580564633AaE0F90278bfdF0381c95085507d3
[90m23.09.13 14:45:57[0m [ KLAYTN-TEST ] | DEBUG | transfer 1 tokens to 0xDC13258E4f3c77351D40074a90083C8dFa5e020C
[90m23.09.13 14:45:57[0m [ KLAYTN-TEST ] | DEBUG | transfer 1 tokens to 0x020eCf0C3a4b94C809E76d0cE1AaF7cc355b94C8
[90m23.09.13 14:45:57[0m [ KLAYTN-TEST ] | DEBUG | transfer 1 tokens to 0xAADa7f4C0D683E96a0afF6e9BDcF5f5bD20D3cb5
[90m23.09.13 14:45:57[0m [ KLAYTN-TEST ] | DEBUG | transfer 1 tokens to 0xA9e014124BD1A689676523D5fdD75781d51db5F1
[90m23.09.13 14:45:57[0m [ KLAYTN-TEST ] | DEBUG | transfer 1 tokens to 0x0B30295579fb09fe2b1fed5B6aa893Bd331e48Aa
[90m23.09.13 14:45:57[0m [ KLAYTN-TEST ] | DEBUG | transfer 1 tokens to 0x76a6afCe8d402A03DA873A734362ed9D65F620a5
[90m23.09.13 14:45:57[0m [ KLAYTN-TEST ] | DEBUG | transfer 1 tokens to 0xB5636466186A85615fFD789664dD8Fe06dbc5D89
[90m23.09.13 14:45:57[0m [ KLAYTN-TEST ] | DEBUG | transfer 1 tokens to 0xC6EB9Ae2EDb29D6f002a80FBd3599CD8134bbD18
[90m23.09.13 14:45:57[0m [ KLAYTN-TEST ] | DEBUG | transfer 1 tokens to 0x7eF6Ea2af381eA852F574792316077C4d94b830E
[90m23.09.13 14:45:57[0m [ KLAYTN-TEST ] | DEBUG | transfer 1 tokens to 0x9cD4401dfe1d28EEAae7cd06F556F10518701758
[90m23.09.13 14:45:57[0m [ KLAYTN-TEST ] | DEBUG | transfer 1 tokens to 0xa0A4725600B6ACF522Db136497c99ade841115f6
[90m23.09.13 14:45:57[0m [ KLAYTN-TEST ] | DEBUG | transfer 1 tokens to 0xa15Cd05E10AD5c373eDc21F4F5FB934A29bc6193
[90m23.09.13 14:45:57[0m [ KLAYTN-TEST ] | DEBUG | transfer 1 tokens to 0x1461dA44972183aA0dE61DaD76e963A8032e2552
[90m23.09.13 14:45:57[0m [ KLAYTN-TEST ] | DEBUG | transfer 1 tokens to 0x39406716032A24d6d3c993b2e044C6Aab75Fd7f4
[90m23.09.13 14:45:57[0m [ KLAYTN-TEST ] | DEBUG | transfer 1 tokens to 0xFbB4076d2448ee59eF7E5Da23e8C068f977d36b3
[90m23.09.13 14:45:57[0m [ KLAYTN-TEST ] | DEBUG | transfer 1 tokens to 0x297F15091aBB98017887423E241276f1902b1766
[90m23.09.13 14:45:57[0m [ KLAYTN-TEST ] | DEBUG | transfer 1 tokens to 0x7A291ecaA6727579703aEb8D476B79491A2D4e44
[90m23.09.13 14:45:57[0m [ KLAYTN-TEST ] | DEBUG | transfer 1 tokens to 0x95796CcF953292F4Ac657598F5379aE6113De366
[90m23.09.13 14:46:02[0m [ KLAYTN-TEST ] | DEBUG | method transfer executed [36mcontract=[0m0x1A89EC8D286c3060067D9D4341E9Ccf1a99653B6 [36mtxHash=[0m0xbde7d2d6d8b42ab3ea0876579e7557590d877645423a061f53dc05e0857d5c2d
[90m23.09.13 14:46:02[0m [ KLAYTN-TEST ] | INFO  | receive tx receipt successfully. Block: 133004680, Tx Hash: 0xbde7d2d6d8b42ab3ea0876579e7557590d877645423a061f53dc05e0857d5c2d, GasUsed: 5.8329e-14
[90m23.09.13 14:46:02[0m [ KLAYTN-TEST ] | INFO  | saved the block number where the deposit event occurred. number: 2835314
[90m23.09.13 14:46:02[0m [ KLAYTN-TEST ] | DEBUG | Getting balance for 0xF5595f4E302Dde693C7201Fae8Cfe51b845951c9
[90m23.09.13 14:46:02[0m [ KLAYTN-TEST ] | DEBUG | method balanceOf called [36mcontract=[0m0x1A89EC8D286c3060067D9D4341E9Ccf1a99653B6
[90m23.09.13 14:46:02[0m [ KLAYTN-TEST ] | DEBUG | method transfer executed [36mcontract=[0m0x1A89EC8D286c3060067D9D4341E9Ccf1a99653B6 [36mtxHash=[0m0xe30b0fde4422a263ac1cd43ed2b4a90640e929b9e6aa2fe8a45e3e5d7fe73897
[90m23.09.13 14:46:02[0m [ KLAYTN-TEST ] | INFO  | receive tx receipt successfully. Block: 133004680, Tx Hash: 0xe30b0fde4422a263ac1cd43ed2b4a90640e929b9e6aa2fe8a45e3e5d7fe73897, GasUsed: 5.8329e-14
[90m23.09.13 14:46:02[0m [ KLAYTN-TEST ] | INFO  | saved the block number where the deposit event occurred. number: 2835314
[90m23.09.13 14:46:02[0m [ KLAYTN-TEST ] | DEBUG | Getting balance for 0xb653e5C3603f000aE300dc133b2A727727e34eB6
[90m23.09.13 14:46:02[0m [ KLAYTN-TEST ] | DEBUG | method balanceOf called [36mcontract=[0m0x1A89EC8D286c3060067D9D4341E9Ccf1a99653B6
[90m23.09.13 14:46:02[0m [ KLAYTN-TEST ] | DEBUG | method transfer executed [36mcontract=[0m0x1A89EC8D286c3060067D9D4341E9Ccf1a99653B6 [36mtxHash=[0m0x745f8302df8640697ba5306040ade2e99d8d33be4a9a8715f177634b97b52d31
[90m23.09.13 14:46:02[0m [ KLAYTN-TEST ] | INFO  | receive tx receipt successfully. Block: 133004680, Tx Hash: 0x745f8302df8640697ba5306040ade2e99d8d33be4a9a8715f177634b97b52d31, GasUsed: 5.8329e-14
[90m23.09.13 14:46:02[0m [ KLAYTN-TEST ] | INFO  | saved the block number where the deposit event occurred. number: 2835313
[90m23.09.13 14:46:02[0m [ KLAYTN-TEST ] | DEBUG | Getting balance for 0xbA2695EC0054fDd6C498b0F9a286eFA3799d7826
[90m23.09.13 14:46:02[0m [ KLAYTN-TEST ] | DEBUG | method balanceOf called [36mcontract=[0m0x1A89EC8D286c3060067D9D4341E9Ccf1a99653B6
[90m23.09.13 14:46:02[0m [ KLAYTN-TEST ] | DEBUG | method transfer executed [36mcontract=[0m0x1A89EC8D286c3060067D9D4341E9Ccf1a99653B6 [36mtxHash=[0m0xd53bc36d4417f35e92254f3f79aa930eec13b8a197f0135c2be8e001bea729a6
[90m23.09.13 14:46:02[0m [ KLAYTN-TEST ] | INFO  | receive tx receipt successfully. Block: 133004682, Tx Hash: 0xd53bc36d4417f35e92254f3f79aa930eec13b8a197f0135c2be8e001bea729a6, GasUsed: 5.8329e-14
[90m23.09.13 14:46:02[0m [ KLAYTN-TEST ] | INFO  | saved the block number where the deposit event occurred. number: 2835313
[90m23.09.13 14:46:02[0m [ KLAYTN-TEST ] | DEBUG | Getting balance for 0x79af1d12cB2fe2661F7259BdBB4135396aF92e16
[90m23.09.13 14:46:02[0m [ KLAYTN-TEST ] | DEBUG | method balanceOf called [36mcontract=[0m0x1A89EC8D286c3060067D9D4341E9Ccf1a99653B6
[90m23.09.13 14:46:02[0m [ KLAYTN-TEST ] | DEBUG | method transfer executed [36mcontract=[0m0x1A89EC8D286c3060067D9D4341E9Ccf1a99653B6 [36mtxHash=[0m0xc66b4fa936d6be40636894db3ec5010d8adfaae7d51e0c149ad18095482a712e
[90m23.09.13 14:46:02[0m [ KLAYTN-TEST ] | INFO  | receive tx receipt successfully. Block: 133004682, Tx Hash: 0xc66b4fa936d6be40636894db3ec5010d8adfaae7d51e0c149ad18095482a712e, GasUsed: 5.8329e-14
[90m23.09.13 14:46:02[0m [ KLAYTN-TEST ] | INFO  | saved the block number where the deposit event occurred. number: 2835313
[90m23.09.13 14:46:02[0m [ KLAYTN-TEST ] | DEBUG | Getting balance for 0xC0dc98E0DFAaCaD0f68Ce4b5215CBC4370c9D7e5
[90m23.09.13 14:46:02[0m [ KLAYTN-TEST ] | DEBUG | method balanceOf called [36mcontract=[0m0x1A89EC8D286c3060067D9D4341E9Ccf1a99653B6
[90m23.09.13 14:46:03[0m [ KLAYTN-TEST ] | DEBUG | method transfer executed [36mcontract=[0m0x1A89EC8D286c3060067D9D4341E9Ccf1a99653B6 [36mtxHash=[0m0xd13870f2470754c2b5bbc0d41b9a5d97088f4250a32c26cbaa5de7be7d7cbcd4
[90m23.09.13 14:46:03[0m [ KLAYTN-TEST ] | INFO  | receive tx receipt successfully. Block: 133004682, Tx Hash: 0xd13870f2470754c2b5bbc0d41b9a5d97088f4250a32c26cbaa5de7be7d7cbcd4, GasUsed: 5.8329e-14
[90m23.09.13 14:46:03[0m [ KLAYTN-TEST ] | INFO  | saved the block number where the deposit event occurred. number: 2835313
[90m23.09.13 14:46:03[0m [ KLAYTN-TEST ] | DEBUG | Getting balance for 0x2e7ba5f1a8242dEbb97E4855A68DfdF63F8613dC
[90m23.09.13 14:46:03[0m [ KLAYTN-TEST ] | DEBUG | method balanceOf called [36mcontract=[0m0x1A89EC8D286c3060067D9D4341E9Ccf1a99653B6
[90m23.09.13 14:46:03[0m [ KLAYTN-TEST ] | DEBUG | method transfer executed [36mcontract=[0m0x1A89EC8D286c3060067D9D4341E9Ccf1a99653B6 [36mtxHash=[0m0xb6dc10cd5c7e19a5d2fd42135259eff60d4266d578c9b540071096a802b47f6c
[90m23.09.13 14:46:03[0m [ KLAYTN-TEST ] | INFO  | receive tx receipt successfully. Block: 133004682, Tx Hash: 0xb6dc10cd5c7e19a5d2fd42135259eff60d4266d578c9b540071096a802b47f6c, GasUsed: 5.8329e-14
[90m23.09.13 14:46:03[0m [ KLAYTN-TEST ] | INFO  | saved the block number where the deposit event occurred. number: 2835314
[90m23.09.13 14:46:03[0m [ KLAYTN-TEST ] | DEBUG | Getting balance for 0xaDd89b4EA61AEd57853EC2bCE3cB64f94DCccAF0
[90m23.09.13 14:46:03[0m [ KLAYTN-TEST ] | DEBUG | method balanceOf called [36mcontract=[0m0x1A89EC8D286c3060067D9D4341E9Ccf1a99653B6
[90m23.09.13 14:46:03[0m [ KLAYTN-TEST ] | DEBUG | method transfer executed [36mcontract=[0m0x1A89EC8D286c3060067D9D4341E9Ccf1a99653B6 [36mtxHash=[0m0xfae4abbab209298dde9f866432bae85ad2aea9d7f105d6c760552e15617ba860
[90m23.09.13 14:46:03[0m [ KLAYTN-TEST ] | INFO  | receive tx receipt successfully. Block: 133004684, Tx Hash: 0xfae4abbab209298dde9f866432bae85ad2aea9d7f105d6c760552e15617ba860, GasUsed: 5.8329e-14
[90m23.09.13 14:46:03[0m [ KLAYTN-TEST ] | INFO  | saved the block number where the deposit event occurred. number: 2835314
[90m23.09.13 14:46:03[0m [ KLAYTN-TEST ] | DEBUG | Getting balance for 0x91De5FCe2a55720AD74a34F8c56bA12Df48d25f4
[90m23.09.13 14:46:03[0m [ KLAYTN-TEST ] | DEBUG | method balanceOf called [36mcontract=[0m0x1A89EC8D286c3060067D9D4341E9Ccf1a99653B6
[90m23.09.13 14:46:03[0m [ KLAYTN-TEST ] | DEBUG | method transfer executed [36mcontract=[0m0x1A89EC8D286c3060067D9D4341E9Ccf1a99653B6 [36mtxHash=[0m0x2d1f607bc5ecae7c030d385e7b3c42ab4e11e0656af7456473a02e65f91b5c31
[90m23.09.13 14:46:03[0m [ KLAYTN-TEST ] | INFO  | receive tx receipt successfully. Block: 133004684, Tx Hash: 0x2d1f607bc5ecae7c030d385e7b3c42ab4e11e0656af7456473a02e65f91b5c31, GasUsed: 5.8329e-14
[90m23.09.13 14:46:03[0m [ KLAYTN-TEST ] | INFO  | saved the block number where the deposit event occurred. number: 2835313
[90m23.09.13 14:46:03[0m [ KLAYTN-TEST ] | DEBUG | Getting balance for 0x09a621c3580060f98b030e7cf5002E764c3892f8
[90m23.09.13 14:46:03[0m [ KLAYTN-TEST ] | DEBUG | method balanceOf called [36mcontract=[0m0x1A89EC8D286c3060067D9D4341E9Ccf1a99653B6
[90m23.09.13 14:46:03[0m [ KLAYTN-TEST ] | DEBUG | method transfer executed [36mcontract=[0m0x1A89EC8D286c3060067D9D4341E9Ccf1a99653B6 [36mtxHash=[0m0xfc2878d3d2fb5160fd8020e98695c6d095383500407f6b1ca26a2cf00f5ecbdf
[90m23.09.13 14:46:03[0m [ KLAYTN-TEST ] | INFO  | receive tx receipt successfully. Block: 133004684, Tx Hash: 0xfc2878d3d2fb5160fd8020e98695c6d095383500407f6b1ca26a2cf00f5ecbdf, GasUsed: 5.8329e-14
[90m23.09.13 14:46:03[0m [ KLAYTN-TEST ] | INFO  | saved the block number where the deposit event occurred. number: 2835314
[90m23.09.13 14:46:03[0m [ KLAYTN-TEST ] | DEBUG | Getting balance for 0x8dd4f81777F71B78dfeCD2dd62dc74ee02786523
[90m23.09.13 14:46:03[0m [ KLAYTN-TEST ] | DEBUG | method balanceOf called [36mcontract=[0m0x1A89EC8D286c3060067D9D4341E9Ccf1a99653B6
[90m23.09.13 14:46:03[0m [ KLAYTN-TEST ] | DEBUG | method transfer executed [36mcontract=[0m0x1A89EC8D286c3060067D9D4341E9Ccf1a99653B6 [36mtxHash=[0m0xcd7763ecd3535e5d669e8c9d5e6386a32ad26f7ac507a76e8a36738a28c58aaa
[90m23.09.13 14:46:03[0m [ KLAYTN-TEST ] | INFO  | receive tx receipt successfully. Block: 133004684, Tx Hash: 0xcd7763ecd3535e5d669e8c9d5e6386a32ad26f7ac507a76e8a36738a28c58aaa, GasUsed: 5.8329e-14
[90m23.09.13 14:46:03[0m [ KLAYTN-TEST ] | INFO  | saved the block number where the deposit event occurred. number: 2835313
[90m23.09.13 14:46:03[0m [ KLAYTN-TEST ] | DEBUG | Getting balance for 0x18980aB4611dCdC5D980fC17D1B3fc38daf1bF9B
[90m23.09.13 14:46:03[0m [ KLAYTN-TEST ] | DEBUG | method balanceOf called [36mcontract=[0m0x1A89EC8D286c3060067D9D4341E9Ccf1a99653B6
[90m23.09.13 14:46:03[0m [ KLAYTN-TEST ] | DEBUG | method transfer executed [36mcontract=[0m0x1A89EC8D286c3060067D9D4341E9Ccf1a99653B6 [36mtxHash=[0m0x4cb6720c204c3b8d23d69d5aa0ba4053c39090a3d499a43c118ecd47dba3ff9c
[90m23.09.13 14:46:03[0m [ KLAYTN-TEST ] | INFO  | receive tx receipt successfully. Block: 133004684, Tx Hash: 0x4cb6720c204c3b8d23d69d5aa0ba4053c39090a3d499a43c118ecd47dba3ff9c, GasUsed: 5.8329e-14
[90m23.09.13 14:46:03[0m [ KLAYTN-TEST ] | INFO  | saved the block number where the deposit event occurred. number: 2835314
[90m23.09.13 14:46:03[0m [ KLAYTN-TEST ] | DEBUG | Getting balance for 0x2A2a472C21c330FF05B1FCd8356cBb6fEBD0333a
[90m23.09.13 14:46:03[0m [ KLAYTN-TEST ] | DEBUG | method balanceOf called [36mcontract=[0m0x1A89EC8D286c3060067D9D4341E9Ccf1a99653B6
[90m23.09.13 14:46:08[0m [ KLAYTN-TEST ] | DEBUG | method transfer executed [36mcontract=[0m0x1A89EC8D286c3060067D9D4341E9Ccf1a99653B6 [36mtxHash=[0m0xe43d11e85f21bf575b173f56ac9962b08c5c6e51389f3d23517585c79fd65204
[90m23.09.13 14:46:08[0m [ KLAYTN-TEST ] | INFO  | receive tx receipt successfully. Block: 133004686, Tx Hash: 0xe43d11e85f21bf575b173f56ac9962b08c5c6e51389f3d23517585c79fd65204, GasUsed: 5.8329e-14
[90m23.09.13 14:46:08[0m [ KLAYTN-TEST ] | INFO  | saved the block number where the deposit event occurred. number: 2835313
[90m23.09.13 14:46:08[0m [ KLAYTN-TEST ] | DEBUG | Getting balance for 0xBcA5bf900fb07bf446076032fb8f109d12426C99
[90m23.09.13 14:46:08[0m [ KLAYTN-TEST ] | DEBUG | method balanceOf called [36mcontract=[0m0x1A89EC8D286c3060067D9D4341E9Ccf1a99653B6
[90m23.09.13 14:46:08[0m [ KLAYTN-TEST ] | DEBUG | method transfer executed [36mcontract=[0m0x1A89EC8D286c3060067D9D4341E9Ccf1a99653B6 [36mtxHash=[0m0x32656f3d8fe2758ed3004b814983ee7d8a0a5ee293941a2e6c62595eb6e4a1e6
[90m23.09.13 14:46:08[0m [ KLAYTN-TEST ] | INFO  | receive tx receipt successfully. Block: 133004686, Tx Hash: 0x32656f3d8fe2758ed3004b814983ee7d8a0a5ee293941a2e6c62595eb6e4a1e6, GasUsed: 5.8329e-14
[90m23.09.13 14:46:08[0m [ KLAYTN-TEST ] | INFO  | saved the block number where the deposit event occurred. number: 2835314
[90m23.09.13 14:46:08[0m [ KLAYTN-TEST ] | DEBUG | Getting balance for 0x021A37A204E3Adc0E064dF75aac0B4E16E040B31
[90m23.09.13 14:46:08[0m [ KLAYTN-TEST ] | DEBUG | method balanceOf called [36mcontract=[0m0x1A89EC8D286c3060067D9D4341E9Ccf1a99653B6
[90m23.09.13 14:46:08[0m [ KLAYTN-TEST ] | DEBUG | method transfer executed [36mcontract=[0m0x1A89EC8D286c3060067D9D4341E9Ccf1a99653B6 [36mtxHash=[0m0x1b31890706e4c807e67686eb23a381e7658db4fd4cd93c68fc4abe18fcf4fa3e
[90m23.09.13 14:46:08[0m [ KLAYTN-TEST ] | INFO  | receive tx receipt successfully. Block: 133004686, Tx Hash: 0x1b31890706e4c807e67686eb23a381e7658db4fd4cd93c68fc4abe18fcf4fa3e, GasUsed: 5.8329e-14
[90m23.09.13 14:46:08[0m [ KLAYTN-TEST ] | INFO  | saved the block number where the deposit event occurred. number: 2835313
[90m23.09.13 14:46:08[0m [ KLAYTN-TEST ] | DEBUG | Getting balance for 0x559BAEd177cD0a6917bFCFa6033979e57E4F6a8D
[90m23.09.13 14:46:08[0m [ KLAYTN-TEST ] | DEBUG | method balanceOf called [36mcontract=[0m0x1A89EC8D286c3060067D9D4341E9Ccf1a99653B6
[90m23.09.13 14:46:08[0m [ KLAYTN-TEST ] | DEBUG | method transfer executed [36mcontract=[0m0x1A89EC8D286c3060067D9D4341E9Ccf1a99653B6 [36mtxHash=[0m0xe591d9ba4cf5be3c5c5febac21c1d260af58e185782df4e58c5f2d205ffdd192
[90m23.09.13 14:46:08[0m [ KLAYTN-TEST ] | INFO  | receive tx receipt successfully. Block: 133004688, Tx Hash: 0xe591d9ba4cf5be3c5c5febac21c1d260af58e185782df4e58c5f2d205ffdd192, GasUsed: 5.8329e-14
[90m23.09.13 14:46:08[0m [ KLAYTN-TEST ] | INFO  | saved the block number where the deposit event occurred. number: 2835314
[90m23.09.13 14:46:08[0m [ KLAYTN-TEST ] | DEBUG | Getting balance for 0x8649A5D643b4150e2075a8dD43f7d3A03CfD83b2
[90m23.09.13 14:46:08[0m [ KLAYTN-TEST ] | DEBUG | method balanceOf called [36mcontract=[0m0x1A89EC8D286c3060067D9D4341E9Ccf1a99653B6
[90m23.09.13 14:46:08[0m [ KLAYTN-TEST ] | DEBUG | method transfer executed [36mcontract=[0m0x1A89EC8D286c3060067D9D4341E9Ccf1a99653B6 [36mtxHash=[0m0x76262a4a168ab8ba0f85da0c1fc741596e6416beabb3fed5ba7875aa224ca0d1
[90m23.09.13 14:46:08[0m [ KLAYTN-TEST ] | INFO  | receive tx receipt successfully. Block: 133004688, Tx Hash: 0x76262a4a168ab8ba0f85da0c1fc741596e6416beabb3fed5ba7875aa224ca0d1, GasUsed: 5.8329e-14
[90m23.09.13 14:46:08[0m [ KLAYTN-TEST ] | INFO  | saved the block number where the deposit event occurred. number: 2835313
[90m23.09.13 14:46:08[0m [ KLAYTN-TEST ] | DEBUG | Getting balance for 0x5D7E3151d032E12a36CAabBbe25a5466A920bE40
[90m23.09.13 14:46:08[0m [ KLAYTN-TEST ] | DEBUG | method balanceOf called [36mcontract=[0m0x1A89EC8D286c3060067D9D4341E9Ccf1a99653B6
[90m23.09.13 14:46:13[0m [ KLAYTN-TEST ] | DEBUG | method transfer executed [36mcontract=[0m0x1A89EC8D286c3060067D9D4341E9Ccf1a99653B6 [36mtxHash=[0m0xb128550c4b90e8b50c695370210324422d4735ced8e42e711e8d66626492f7fb
[90m23.09.13 14:46:13[0m [ KLAYTN-TEST ] | INFO  | receive tx receipt successfully. Block: 133004690, Tx Hash: 0xb128550c4b90e8b50c695370210324422d4735ced8e42e711e8d66626492f7fb, GasUsed: 5.8329e-14
[90m23.09.13 14:46:13[0m [ KLAYTN-TEST ] | INFO  | saved the block number where the deposit event occurred. number: 2835314
[90m23.09.13 14:46:13[0m [ KLAYTN-TEST ] | DEBUG | Getting balance for 0x7Ab3e19e11846e00BeAB7D014BCe9718f9CAae31
[90m23.09.13 14:46:13[0m [ KLAYTN-TEST ] | DEBUG | method balanceOf called [36mcontract=[0m0x1A89EC8D286c3060067D9D4341E9Ccf1a99653B6
[90m23.09.13 14:46:13[0m [ KLAYTN-TEST ] | DEBUG | method transfer executed [36mcontract=[0m0x1A89EC8D286c3060067D9D4341E9Ccf1a99653B6 [36mtxHash=[0m0x85889857a197e93d071e765410b2ee26795c2f1d89670f5cbe035c47c67cb688
[90m23.09.13 14:46:13[0m [ KLAYTN-TEST ] | INFO  | receive tx receipt successfully. Block: 133004690, Tx Hash: 0x85889857a197e93d071e765410b2ee26795c2f1d89670f5cbe035c47c67cb688, GasUsed: 5.8329e-14
[90m23.09.13 14:46:13[0m [ KLAYTN-TEST ] | INFO  | saved the block number where the deposit event occurred. number: 2835314
[90m23.09.13 14:46:13[0m [ KLAYTN-TEST ] | DEBUG | Getting balance for 0x57Ea0deC36a6D470Abb1c043AFb822B504cB6e72
[90m23.09.13 14:46:13[0m [ KLAYTN-TEST ] | DEBUG | method balanceOf called [36mcontract=[0m0x1A89EC8D286c3060067D9D4341E9Ccf1a99653B6
[90m23.09.13 14:46:13[0m [ KLAYTN-TEST ] | DEBUG | method transfer executed [36mcontract=[0m0x1A89EC8D286c3060067D9D4341E9Ccf1a99653B6 [36mtxHash=[0m0x92e061435467b22dbb7df6928f1f222b2d38dc8c4fbef0428d3c5b487b0ad2c8
[90m23.09.13 14:46:13[0m [ KLAYTN-TEST ] | INFO  | receive tx receipt successfully. Block: 133004690, Tx Hash: 0x92e061435467b22dbb7df6928f1f222b2d38dc8c4fbef0428d3c5b487b0ad2c8, GasUsed: 5.8329e-14
[90m23.09.13 14:46:13[0m [ KLAYTN-TEST ] | INFO  | saved the block number where the deposit event occurred. number: 2835314
[90m23.09.13 14:46:13[0m [ KLAYTN-TEST ] | DEBUG | Getting balance for 0xCE1CB82560Fea7e9de6951067BDD146b84Fc4240
[90m23.09.13 14:46:13[0m [ KLAYTN-TEST ] | DEBUG | method balanceOf called [36mcontract=[0m0x1A89EC8D286c3060067D9D4341E9Ccf1a99653B6
[90m23.09.13 14:46:13[0m [ KLAYTN-TEST ] | DEBUG | method transfer executed [36mcontract=[0m0x1A89EC8D286c3060067D9D4341E9Ccf1a99653B6 [36mtxHash=[0m0x03c49c17319d88b52c86bd225b7b25c5c70985d24ee17a668b68be4fc926f9cd
[90m23.09.13 14:46:13[0m [ KLAYTN-TEST ] | INFO  | receive tx receipt successfully. Block: 133004692, Tx Hash: 0x03c49c17319d88b52c86bd225b7b25c5c70985d24ee17a668b68be4fc926f9cd, GasUsed: 5.8329e-14
[90m23.09.13 14:46:13[0m [ KLAYTN-TEST ] | INFO  | saved the block number where the deposit event occurred. number: 2835314
[90m23.09.13 14:46:13[0m [ KLAYTN-TEST ] | DEBUG | Getting balance for 0x2a84944c6c2005F84b40FAF076Dd62cE21761d85
[90m23.09.13 14:46:13[0m [ KLAYTN-TEST ] | DEBUG | method balanceOf called [36mcontract=[0m0x1A89EC8D286c3060067D9D4341E9Ccf1a99653B6
[90m23.09.13 14:46:13[0m [ KLAYTN-TEST ] | DEBUG | method transfer executed [36mcontract=[0m0x1A89EC8D286c3060067D9D4341E9Ccf1a99653B6 [36mtxHash=[0m0xf58118fd7d9ea14072c02c1de728e1a0ba28438b7977a775e143b9f23932aebb
[90m23.09.13 14:46:13[0m [ KLAYTN-TEST ] | INFO  | receive tx receipt successfully. Block: 133004692, Tx Hash: 0xf58118fd7d9ea14072c02c1de728e1a0ba28438b7977a775e143b9f23932aebb, GasUsed: 5.8329e-14
[90m23.09.13 14:46:13[0m [ KLAYTN-TEST ] | INFO  | saved the block number where the deposit event occurred. number: 2835313
[90m23.09.13 14:46:13[0m [ KLAYTN-TEST ] | DEBUG | Getting balance for 0xA7F11C5B4ba1D4b7849F7BA789fBccE82D673e7e
[90m23.09.13 14:46:13[0m [ KLAYTN-TEST ] | DEBUG | method balanceOf called [36mcontract=[0m0x1A89EC8D286c3060067D9D4341E9Ccf1a99653B6
[90m23.09.13 14:46:13[0m [ KLAYTN-TEST ] | DEBUG | method transfer executed [36mcontract=[0m0x1A89EC8D286c3060067D9D4341E9Ccf1a99653B6 [36mtxHash=[0m0x7091147f900c0be86622ffaf18a69d19a0e4eb745d9559952c275149830149f7
[90m23.09.13 14:46:13[0m [ KLAYTN-TEST ] | INFO  | receive tx receipt successfully. Block: 133004692, Tx Hash: 0x7091147f900c0be86622ffaf18a69d19a0e4eb745d9559952c275149830149f7, GasUsed: 5.8329e-14
[90m23.09.13 14:46:13[0m [ KLAYTN-TEST ] | INFO  | saved the block number where the deposit event occurred. number: 2835313
[90m23.09.13 14:46:13[0m [ KLAYTN-TEST ] | DEBUG | Getting balance for 0x9C0D021F6c5a84C934415328947bb66f40959f6e
[90m23.09.13 14:46:13[0m [ KLAYTN-TEST ] | DEBUG | method balanceOf called [36mcontract=[0m0x1A89EC8D286c3060067D9D4341E9Ccf1a99653B6
[90m23.09.13 14:46:13[0m [ KLAYTN-TEST ] | DEBUG | method transfer executed [36mcontract=[0m0x1A89EC8D286c3060067D9D4341E9Ccf1a99653B6 [36mtxHash=[0m0x66c8aee3ae902ff632b39fa380ae3d01c46e865ff414c3681ed8baeaccdefa4e
[90m23.09.13 14:46:13[0m [ KLAYTN-TEST ] | INFO  | receive tx receipt successfully. Block: 133004692, Tx Hash: 0x66c8aee3ae902ff632b39fa380ae3d01c46e865ff414c3681ed8baeaccdefa4e, GasUsed: 5.8329e-14
[90m23.09.13 14:46:13[0m [ KLAYTN-TEST ] | INFO  | saved the block number where the deposit event occurred. number: 2835313
[90m23.09.13 14:46:13[0m [ KLAYTN-TEST ] | DEBUG | Getting balance for 0xd65418602517440e4d26E489bb17548d40DE3b2E
[90m23.09.13 14:46:13[0m [ KLAYTN-TEST ] | DEBUG | method balanceOf called [36mcontract=[0m0x1A89EC8D286c3060067D9D4341E9Ccf1a99653B6
[90m23.09.13 14:46:13[0m [ KLAYTN-TEST ] | DEBUG | method transfer executed [36mcontract=[0m0x1A89EC8D286c3060067D9D4341E9Ccf1a99653B6 [36mtxHash=[0m0x419f0cb896f468fdbaca2659c041430c88aef827def8ddc2ad70193d3489a905
[90m23.09.13 14:46:13[0m [ KLAYTN-TEST ] | INFO  | receive tx receipt successfully. Block: 133004692, Tx Hash: 0x419f0cb896f468fdbaca2659c041430c88aef827def8ddc2ad70193d3489a905, GasUsed: 5.8329e-14
[90m23.09.13 14:46:13[0m [ KLAYTN-TEST ] | INFO  | saved the block number where the deposit event occurred. number: 2835314
[90m23.09.13 14:46:13[0m [ KLAYTN-TEST ] | DEBUG | Getting balance for 0x14133A333C414B1B468F895037cAf3533d363C36
[90m23.09.13 14:46:13[0m [ KLAYTN-TEST ] | DEBUG | method balanceOf called [36mcontract=[0m0x1A89EC8D286c3060067D9D4341E9Ccf1a99653B6
[90m23.09.13 14:46:13[0m [ KLAYTN-TEST ] | DEBUG | method transfer executed [36mcontract=[0m0x1A89EC8D286c3060067D9D4341E9Ccf1a99653B6 [36mtxHash=[0m0xcbd2b2f04af5cfc3429010e974258218752a863811c4f2b9f2d6ab10ddefc5ad
[90m23.09.13 14:46:13[0m [ KLAYTN-TEST ] | INFO  | receive tx receipt successfully. Block: 133004694, Tx Hash: 0xcbd2b2f04af5cfc3429010e974258218752a863811c4f2b9f2d6ab10ddefc5ad, GasUsed: 5.8329e-14
[90m23.09.13 14:46:13[0m [ KLAYTN-TEST ] | INFO  | saved the block number where the deposit event occurred. number: 2835314
[90m23.09.13 14:46:13[0m [ KLAYTN-TEST ] | DEBUG | Getting balance for 0x322c90f2BC82e96618D211ff65d0fFBdC80AaCe3
[90m23.09.13 14:46:13[0m [ KLAYTN-TEST ] | DEBUG | method balanceOf called [36mcontract=[0m0x1A89EC8D286c3060067D9D4341E9Ccf1a99653B6
[90m23.09.13 14:46:13[0m [ KLAYTN-TEST ] | DEBUG | method transfer executed [36mcontract=[0m0x1A89EC8D286c3060067D9D4341E9Ccf1a99653B6 [36mtxHash=[0m0xf1abdf035c025b887da71a55f1a0c93763dc8be8c9dd778efd007725ccd1591e
[90m23.09.13 14:46:13[0m [ KLAYTN-TEST ] | INFO  | receive tx receipt successfully. Block: 133004694, Tx Hash: 0xf1abdf035c025b887da71a55f1a0c93763dc8be8c9dd778efd007725ccd1591e, GasUsed: 5.8329e-14
[90m23.09.13 14:46:13[0m [ KLAYTN-TEST ] | INFO  | saved the block number where the deposit event occurred. number: 2835314
[90m23.09.13 14:46:13[0m [ KLAYTN-TEST ] | DEBUG | Getting balance for 0xdE9013F5b1BF05d157A87063a179d905594D1415
[90m23.09.13 14:46:13[0m [ KLAYTN-TEST ] | DEBUG | method balanceOf called [36mcontract=[0m0x1A89EC8D286c3060067D9D4341E9Ccf1a99653B6
[90m23.09.13 14:46:13[0m [ KLAYTN-TEST ] | DEBUG | method transfer executed [36mcontract=[0m0x1A89EC8D286c3060067D9D4341E9Ccf1a99653B6 [36mtxHash=[0m0xa652c638b47980b3499c0d7326e7c891bb28cec49b5caef9f6af8bca4ed99d37
[90m23.09.13 14:46:13[0m [ KLAYTN-TEST ] | INFO  | receive tx receipt successfully. Block: 133004694, Tx Hash: 0xa652c638b47980b3499c0d7326e7c891bb28cec49b5caef9f6af8bca4ed99d37, GasUsed: 5.8329e-14
[90m23.09.13 14:46:13[0m [ KLAYTN-TEST ] | INFO  | saved the block number where the deposit event occurred. number: 2835314
[90m23.09.13 14:46:13[0m [ KLAYTN-TEST ] | DEBUG | Getting balance for 0x2EF91F4016DFF552C6c3497EA4Ecf1082b1C5959
[90m23.09.13 14:46:13[0m [ KLAYTN-TEST ] | DEBUG | method balanceOf called [36mcontract=[0m0x1A89EC8D286c3060067D9D4341E9Ccf1a99653B6
[90m23.09.13 14:46:13[0m [ KLAYTN-TEST ] | DEBUG | method transfer executed [36mcontract=[0m0x1A89EC8D286c3060067D9D4341E9Ccf1a99653B6 [36mtxHash=[0m0x08b847b165ff858104260e17a30ed98e3455fbf45c7e9c72d82685dba4970676
[90m23.09.13 14:46:13[0m [ KLAYTN-TEST ] | INFO  | receive tx receipt successfully. Block: 133004694, Tx Hash: 0x08b847b165ff858104260e17a30ed98e3455fbf45c7e9c72d82685dba4970676, GasUsed: 5.8329e-14
[90m23.09.13 14:46:13[0m [ KLAYTN-TEST ] | INFO  | saved the block number where the deposit event occurred. number: 2835313
[90m23.09.13 14:46:13[0m [ KLAYTN-TEST ] | DEBUG | Getting balance for 0x85cB2FAE773952a5b606bc3b5f7726C6DD839Fb9
[90m23.09.13 14:46:13[0m [ KLAYTN-TEST ] | DEBUG | method balanceOf called [36mcontract=[0m0x1A89EC8D286c3060067D9D4341E9Ccf1a99653B6
[90m23.09.13 14:46:18[0m [ KLAYTN-TEST ] | DEBUG | method transfer executed [36mcontract=[0m0x1A89EC8D286c3060067D9D4341E9Ccf1a99653B6 [36mtxHash=[0m0x9b074ea81853a8ecce4f927612b40f7c29e38290d8df401ce3adb5c71997beb5
[90m23.09.13 14:46:18[0m [ KLAYTN-TEST ] | INFO  | receive tx receipt successfully. Block: 133004696, Tx Hash: 0x9b074ea81853a8ecce4f927612b40f7c29e38290d8df401ce3adb5c71997beb5, GasUsed: 5.8329e-14
[90m23.09.13 14:46:18[0m [ KLAYTN-TEST ] | INFO  | saved the block number where the deposit event occurred. number: 2835314
[90m23.09.13 14:46:18[0m [ KLAYTN-TEST ] | DEBUG | Getting balance for 0x39Fb9380890a375859aB7eBFa55fAb65a47BD413
[90m23.09.13 14:46:18[0m [ KLAYTN-TEST ] | DEBUG | method balanceOf called [36mcontract=[0m0x1A89EC8D286c3060067D9D4341E9Ccf1a99653B6
[90m23.09.13 14:46:18[0m [ KLAYTN-TEST ] | DEBUG | method transfer executed [36mcontract=[0m0x1A89EC8D286c3060067D9D4341E9Ccf1a99653B6 [36mtxHash=[0m0x169c2092a5e259a1a7ee3674433ddc2a0425264c741da8cb31a00308cc1cf307
[90m23.09.13 14:46:18[0m [ KLAYTN-TEST ] | INFO  | receive tx receipt successfully. Block: 133004696, Tx Hash: 0x169c2092a5e259a1a7ee3674433ddc2a0425264c741da8cb31a00308cc1cf307, GasUsed: 5.8329e-14
[90m23.09.13 14:46:18[0m [ KLAYTN-TEST ] | INFO  | saved the block number where the deposit event occurred. number: 2835314
[90m23.09.13 14:46:18[0m [ KLAYTN-TEST ] | DEBUG | Getting balance for 0x35258f99111197d09F51b6689AbCBC4C0c3d6654
[90m23.09.13 14:46:18[0m [ KLAYTN-TEST ] | DEBUG | method balanceOf called [36mcontract=[0m0x1A89EC8D286c3060067D9D4341E9Ccf1a99653B6
[90m23.09.13 14:46:18[0m [ KLAYTN-TEST ] | DEBUG | method transfer executed [36mcontract=[0m0x1A89EC8D286c3060067D9D4341E9Ccf1a99653B6 [36mtxHash=[0m0x9888b55ff843f6d12f1a4e9ff49813507e14af4a05efdc66129b4a097421c259
[90m23.09.13 14:46:18[0m [ KLAYTN-TEST ] | INFO  | receive tx receipt successfully. Block: 133004696, Tx Hash: 0x9888b55ff843f6d12f1a4e9ff49813507e14af4a05efdc66129b4a097421c259, GasUsed: 5.8329e-14
[90m23.09.13 14:46:18[0m [ KLAYTN-TEST ] | INFO  | saved the block number where the deposit event occurred. number: 2835314
[90m23.09.13 14:46:18[0m [ KLAYTN-TEST ] | DEBUG | Getting balance for 0xA93A3741F6103B5Ba39b28C2Be441dDF3F40FcFC
[90m23.09.13 14:46:18[0m [ KLAYTN-TEST ] | DEBUG | method balanceOf called [36mcontract=[0m0x1A89EC8D286c3060067D9D4341E9Ccf1a99653B6
[90m23.09.13 14:46:18[0m [ KLAYTN-TEST ] | DEBUG | method transfer executed [36mcontract=[0m0x1A89EC8D286c3060067D9D4341E9Ccf1a99653B6 [36mtxHash=[0m0x88fe35d18e6acc816f3ab0d8b20ddcf8bf4a7becfdc519d8e1c4819807036a66
[90m23.09.13 14:46:19[0m [ KLAYTN-TEST ] | INFO  | receive tx receipt successfully. Block: 133004696, Tx Hash: 0x88fe35d18e6acc816f3ab0d8b20ddcf8bf4a7becfdc519d8e1c4819807036a66, GasUsed: 5.8329e-14
[90m23.09.13 14:46:19[0m [ KLAYTN-TEST ] | INFO  | saved the block number where the deposit event occurred. number: 2835313
[90m23.09.13 14:46:19[0m [ KLAYTN-TEST ] | DEBUG | Getting balance for 0x8Ae9c069C64E28f89c4459a7Cb5eB7bDc33FB68D
[90m23.09.13 14:46:19[0m [ KLAYTN-TEST ] | DEBUG | method balanceOf called [36mcontract=[0m0x1A89EC8D286c3060067D9D4341E9Ccf1a99653B6
[90m23.09.13 14:46:19[0m [ KLAYTN-TEST ] | DEBUG | method transfer executed [36mcontract=[0m0x1A89EC8D286c3060067D9D4341E9Ccf1a99653B6 [36mtxHash=[0m0x04c0f15fd9855b26e6f9e760dc9f0118147ba3271d85276232ac93d787368eef
[90m23.09.13 14:46:19[0m [ KLAYTN-TEST ] | INFO  | receive tx receipt successfully. Block: 133004698, Tx Hash: 0x04c0f15fd9855b26e6f9e760dc9f0118147ba3271d85276232ac93d787368eef, GasUsed: 5.8329e-14
[90m23.09.13 14:46:19[0m [ KLAYTN-TEST ] | INFO  | saved the block number where the deposit event occurred. number: 2835314
[90m23.09.13 14:46:19[0m [ KLAYTN-TEST ] | DEBUG | Getting balance for 0x741F36596f9bDcDc3914780C7184613CE9A34121
[90m23.09.13 14:46:19[0m [ KLAYTN-TEST ] | DEBUG | method balanceOf called [36mcontract=[0m0x1A89EC8D286c3060067D9D4341E9Ccf1a99653B6
[90m23.09.13 14:46:19[0m [ KLAYTN-TEST ] | DEBUG | method transfer executed [36mcontract=[0m0x1A89EC8D286c3060067D9D4341E9Ccf1a99653B6 [36mtxHash=[0m0x574b5a29e6d6c0ef9cd54bc84dad3d21a40b62a70472c2b8023ef45005e6cb4f
[90m23.09.13 14:46:19[0m [ KLAYTN-TEST ] | INFO  | receive tx receipt successfully. Block: 133004698, Tx Hash: 0x574b5a29e6d6c0ef9cd54bc84dad3d21a40b62a70472c2b8023ef45005e6cb4f, GasUsed: 5.8329e-14
[90m23.09.13 14:46:19[0m [ KLAYTN-TEST ] | INFO  | saved the block number where the deposit event occurred. number: 2835313
[90m23.09.13 14:46:19[0m [ KLAYTN-TEST ] | DEBUG | Getting balance for 0x86A72F1B1Ab3FA8611A28B8A9603547E462588fb
[90m23.09.13 14:46:19[0m [ KLAYTN-TEST ] | DEBUG | method balanceOf called [36mcontract=[0m0x1A89EC8D286c3060067D9D4341E9Ccf1a99653B6
[90m23.09.13 14:46:19[0m [ KLAYTN-TEST ] | DEBUG | method transfer executed [36mcontract=[0m0x1A89EC8D286c3060067D9D4341E9Ccf1a99653B6 [36mtxHash=[0m0x8da4f1cecf4e053076bdec8224ad3e3b48e9da642be21e2d89dfce983e7ba2ba
[90m23.09.13 14:46:19[0m [ KLAYTN-TEST ] | INFO  | receive tx receipt successfully. Block: 133004700, Tx Hash: 0x8da4f1cecf4e053076bdec8224ad3e3b48e9da642be21e2d89dfce983e7ba2ba, GasUsed: 5.8329e-14
[90m23.09.13 14:46:19[0m [ KLAYTN-TEST ] | INFO  | saved the block number where the deposit event occurred. number: 2835314
[90m23.09.13 14:46:19[0m [ KLAYTN-TEST ] | DEBUG | Getting balance for 0xa2C62644125E7F30b118bFaF79FCfD93b14650DB
[90m23.09.13 14:46:19[0m [ KLAYTN-TEST ] | DEBUG | method balanceOf called [36mcontract=[0m0x1A89EC8D286c3060067D9D4341E9Ccf1a99653B6
[90m23.09.13 14:46:19[0m [ KLAYTN-TEST ] | DEBUG | method transfer executed [36mcontract=[0m0x1A89EC8D286c3060067D9D4341E9Ccf1a99653B6 [36mtxHash=[0m0x4a8dec00b1ae5e17c6027439ec19afbbde3ed520c3fefd11a8e8105c5962d45f
[90m23.09.13 14:46:19[0m [ KLAYTN-TEST ] | INFO  | receive tx receipt successfully. Block: 133004700, Tx Hash: 0x4a8dec00b1ae5e17c6027439ec19afbbde3ed520c3fefd11a8e8105c5962d45f, GasUsed: 5.8329e-14
[90m23.09.13 14:46:19[0m [ KLAYTN-TEST ] | INFO  | saved the block number where the deposit event occurred. number: 2835314
[90m23.09.13 14:46:19[0m [ KLAYTN-TEST ] | DEBUG | Getting balance for 0x511AE2D4f27484469ee887Eb6068034147993F26
[90m23.09.13 14:46:19[0m [ KLAYTN-TEST ] | DEBUG | method balanceOf called [36mcontract=[0m0x1A89EC8D286c3060067D9D4341E9Ccf1a99653B6
[90m23.09.13 14:46:19[0m [ KLAYTN-TEST ] | DEBUG | method transfer executed [36mcontract=[0m0x1A89EC8D286c3060067D9D4341E9Ccf1a99653B6 [36mtxHash=[0m0xd286c622966dd4b9d802f0b4aec1694cf2dd9d5fc67a844085e8b4a9754441b5
[90m23.09.13 14:46:19[0m [ KLAYTN-TEST ] | INFO  | receive tx receipt successfully. Block: 133004700, Tx Hash: 0xd286c622966dd4b9d802f0b4aec1694cf2dd9d5fc67a844085e8b4a9754441b5, GasUsed: 5.8329e-14
[90m23.09.13 14:46:19[0m [ KLAYTN-TEST ] | INFO  | saved the block number where the deposit event occurred. number: 2835314
[90m23.09.13 14:46:19[0m [ KLAYTN-TEST ] | DEBUG | Getting balance for 0x8169B62BAbbDAc03A7aF15c84d8EBf78E8900C6E
[90m23.09.13 14:46:19[0m [ KLAYTN-TEST ] | DEBUG | method balanceOf called [36mcontract=[0m0x1A89EC8D286c3060067D9D4341E9Ccf1a99653B6
[90m23.09.13 14:46:24[0m [ KLAYTN-TEST ] | DEBUG | method transfer executed [36mcontract=[0m0x1A89EC8D286c3060067D9D4341E9Ccf1a99653B6 [36mtxHash=[0m0x7cbe4453fa9d1c721d7ffdde7a4abdd8ed04a66097c9f8f4be416313bb85bcc4
[90m23.09.13 14:46:24[0m [ KLAYTN-TEST ] | INFO  | receive tx receipt successfully. Block: 133004702, Tx Hash: 0x7cbe4453fa9d1c721d7ffdde7a4abdd8ed04a66097c9f8f4be416313bb85bcc4, GasUsed: 5.8329e-14
[90m23.09.13 14:46:24[0m [ KLAYTN-TEST ] | INFO  | saved the block number where the deposit event occurred. number: 2835314
[90m23.09.13 14:46:24[0m [ KLAYTN-TEST ] | DEBUG | Getting balance for 0x400fD4714dF0081b01628eE6581fd83841583D80
[90m23.09.13 14:46:24[0m [ KLAYTN-TEST ] | DEBUG | method transfer executed [36mcontract=[0m0x1A89EC8D286c3060067D9D4341E9Ccf1a99653B6 [36mtxHash=[0m0x515a986d115718de0bb29dd78e57316d3831844f423beed127f80100ac0b8636
[90m23.09.13 14:46:24[0m [ KLAYTN-TEST ] | DEBUG | method balanceOf called [36mcontract=[0m0x1A89EC8D286c3060067D9D4341E9Ccf1a99653B6
[90m23.09.13 14:46:24[0m [ KLAYTN-TEST ] | INFO  | receive tx receipt successfully. Block: 133004702, Tx Hash: 0x515a986d115718de0bb29dd78e57316d3831844f423beed127f80100ac0b8636, GasUsed: 5.8329e-14
[90m23.09.13 14:46:24[0m [ KLAYTN-TEST ] | INFO  | saved the block number where the deposit event occurred. number: 2835314
[90m23.09.13 14:46:24[0m [ KLAYTN-TEST ] | DEBUG | Getting balance for 0xeB3E3981a1E0939e556ea6eBd3516a23adddA920
[90m23.09.13 14:46:24[0m [ KLAYTN-TEST ] | DEBUG | method balanceOf called [36mcontract=[0m0x1A89EC8D286c3060067D9D4341E9Ccf1a99653B6
[90m23.09.13 14:46:24[0m [ KLAYTN-TEST ] | DEBUG | method transfer executed [36mcontract=[0m0x1A89EC8D286c3060067D9D4341E9Ccf1a99653B6 [36mtxHash=[0m0x32d4b1f734ba3169af7ce1f95b3f60fb80247119ff3f69c4ee40c2ce10615713
[90m23.09.13 14:46:24[0m [ KLAYTN-TEST ] | INFO  | receive tx receipt successfully. Block: 133004704, Tx Hash: 0x32d4b1f734ba3169af7ce1f95b3f60fb80247119ff3f69c4ee40c2ce10615713, GasUsed: 5.8329e-14
[90m23.09.13 14:46:24[0m [ KLAYTN-TEST ] | INFO  | saved the block number where the deposit event occurred. number: 2835314
[90m23.09.13 14:46:24[0m [ KLAYTN-TEST ] | DEBUG | Getting balance for 0xc88af3217F3809B06173D0d43EBdE01b4909eDbc
[90m23.09.13 14:46:24[0m [ KLAYTN-TEST ] | DEBUG | method transfer executed [36mcontract=[0m0x1A89EC8D286c3060067D9D4341E9Ccf1a99653B6 [36mtxHash=[0m0x303c1015b49c39eb9aaf31ec682253a7d18935705b9099027213f23ceeb11633
[90m23.09.13 14:46:24[0m [ KLAYTN-TEST ] | DEBUG | method balanceOf called [36mcontract=[0m0x1A89EC8D286c3060067D9D4341E9Ccf1a99653B6
[90m23.09.13 14:46:24[0m [ KLAYTN-TEST ] | INFO  | receive tx receipt successfully. Block: 133004704, Tx Hash: 0x303c1015b49c39eb9aaf31ec682253a7d18935705b9099027213f23ceeb11633, GasUsed: 5.8329e-14
[90m23.09.13 14:46:24[0m [ KLAYTN-TEST ] | INFO  | saved the block number where the deposit event occurred. number: 2835314
[90m23.09.13 14:46:24[0m [ KLAYTN-TEST ] | DEBUG | Getting balance for 0xD3799029634526596dfbE98B3B7CB428282048a0
[90m23.09.13 14:46:24[0m [ KLAYTN-TEST ] | DEBUG | method balanceOf called [36mcontract=[0m0x1A89EC8D286c3060067D9D4341E9Ccf1a99653B6
[90m23.09.13 14:46:24[0m [ KLAYTN-TEST ] | DEBUG | method transfer executed [36mcontract=[0m0x1A89EC8D286c3060067D9D4341E9Ccf1a99653B6 [36mtxHash=[0m0x3ac95419cb09c2b4f20042d55348cf38d04049f1112c783c24316912781b0b4f
[90m23.09.13 14:46:24[0m [ KLAYTN-TEST ] | INFO  | receive tx receipt successfully. Block: 133004704, Tx Hash: 0x3ac95419cb09c2b4f20042d55348cf38d04049f1112c783c24316912781b0b4f, GasUsed: 5.8329e-14
[90m23.09.13 14:46:24[0m [ KLAYTN-TEST ] | INFO  | saved the block number where the deposit event occurred. number: 2835314
[90m23.09.13 14:46:24[0m [ KLAYTN-TEST ] | DEBUG | Getting balance for 0xc097d4b5Bd4E3BF93b5a83466552b7095912FFeD
[90m23.09.13 14:46:24[0m [ KLAYTN-TEST ] | DEBUG | method balanceOf called [36mcontract=[0m0x1A89EC8D286c3060067D9D4341E9Ccf1a99653B6
[90m23.09.13 14:46:29[0m [ KLAYTN-TEST ] | DEBUG | method transfer executed [36mcontract=[0m0x1A89EC8D286c3060067D9D4341E9Ccf1a99653B6 [36mtxHash=[0m0x2c8ad898853cc1b5470027f1dcab43202571af8fd9f3a4a0c470d074018cf8f6
[90m23.09.13 14:46:29[0m [ KLAYTN-TEST ] | INFO  | receive tx receipt successfully. Block: 133004706, Tx Hash: 0x2c8ad898853cc1b5470027f1dcab43202571af8fd9f3a4a0c470d074018cf8f6, GasUsed: 5.8329e-14
[90m23.09.13 14:46:29[0m [ KLAYTN-TEST ] | INFO  | saved the block number where the deposit event occurred. number: 2835314
[90m23.09.13 14:46:29[0m [ KLAYTN-TEST ] | DEBUG | Getting balance for 0x46a0a5323A096224F38EA727712Fcf22B4B45042
[90m23.09.13 14:46:29[0m [ KLAYTN-TEST ] | DEBUG | method balanceOf called [36mcontract=[0m0x1A89EC8D286c3060067D9D4341E9Ccf1a99653B6
[90m23.09.13 14:46:29[0m [ KLAYTN-TEST ] | DEBUG | method transfer executed [36mcontract=[0m0x1A89EC8D286c3060067D9D4341E9Ccf1a99653B6 [36mtxHash=[0m0xece28c5b521eb91e2861d1295efe4f76b7fbb782c7be36c1c14e8325b6b2ee8c
[90m23.09.13 14:46:29[0m [ KLAYTN-TEST ] | INFO  | receive tx receipt successfully. Block: 133004706, Tx Hash: 0xece28c5b521eb91e2861d1295efe4f76b7fbb782c7be36c1c14e8325b6b2ee8c, GasUsed: 5.8329e-14
[90m23.09.13 14:46:29[0m [ KLAYTN-TEST ] | INFO  | saved the block number where the deposit event occurred. number: 2835314
[90m23.09.13 14:46:29[0m [ KLAYTN-TEST ] | DEBUG | Getting balance for 0xf5F9eB75585E0C37dB6E40b03F922981d9310c92
[90m23.09.13 14:46:29[0m [ KLAYTN-TEST ] | DEBUG | method balanceOf called [36mcontract=[0m0x1A89EC8D286c3060067D9D4341E9Ccf1a99653B6
[90m23.09.13 14:46:29[0m [ KLAYTN-TEST ] | DEBUG | method transfer executed [36mcontract=[0m0x1A89EC8D286c3060067D9D4341E9Ccf1a99653B6 [36mtxHash=[0m0xcc5183c6c962813826dc6cd9f97fbf73de726c16ced9a649c2beabc547048136
[90m23.09.13 14:46:29[0m [ KLAYTN-TEST ] | INFO  | receive tx receipt successfully. Block: 133004706, Tx Hash: 0xcc5183c6c962813826dc6cd9f97fbf73de726c16ced9a649c2beabc547048136, GasUsed: 5.8329e-14
[90m23.09.13 14:46:29[0m [ KLAYTN-TEST ] | INFO  | saved the block number where the deposit event occurred. number: 2835314
[90m23.09.13 14:46:29[0m [ KLAYTN-TEST ] | DEBUG | Getting balance for 0xf8Ef3450DB0D64181bdec1764731F5967b0E9367
[90m23.09.13 14:46:29[0m [ KLAYTN-TEST ] | DEBUG | method balanceOf called [36mcontract=[0m0x1A89EC8D286c3060067D9D4341E9Ccf1a99653B6
[90m23.09.13 14:46:29[0m [ KLAYTN-TEST ] | DEBUG | method transfer executed [36mcontract=[0m0x1A89EC8D286c3060067D9D4341E9Ccf1a99653B6 [36mtxHash=[0m0x772ee5094bdc140a9abebf17b84ddab4af935ca5f3c25bc1c7fca16b15b72399
[90m23.09.13 14:46:29[0m [ KLAYTN-TEST ] | INFO  | receive tx receipt successfully. Block: 133004706, Tx Hash: 0x772ee5094bdc140a9abebf17b84ddab4af935ca5f3c25bc1c7fca16b15b72399, GasUsed: 5.8329e-14
[90m23.09.13 14:46:29[0m [ KLAYTN-TEST ] | INFO  | saved the block number where the deposit event occurred. number: 2835314
[90m23.09.13 14:46:29[0m [ KLAYTN-TEST ] | DEBUG | Getting balance for 0xC5cab75f55536B4bA8662bFFbA76DEcE77fEB3e7
[90m23.09.13 14:46:29[0m [ KLAYTN-TEST ] | DEBUG | method balanceOf called [36mcontract=[0m0x1A89EC8D286c3060067D9D4341E9Ccf1a99653B6
[90m23.09.13 14:46:29[0m [ KLAYTN-TEST ] | DEBUG | method transfer executed [36mcontract=[0m0x1A89EC8D286c3060067D9D4341E9Ccf1a99653B6 [36mtxHash=[0m0x03428a8bfb2966544af24d963e3a379ccb6477ac46a11fe22d2537f16538b584
[90m23.09.13 14:46:29[0m [ KLAYTN-TEST ] | INFO  | receive tx receipt successfully. Block: 133004708, Tx Hash: 0x03428a8bfb2966544af24d963e3a379ccb6477ac46a11fe22d2537f16538b584, GasUsed: 5.8329e-14
[90m23.09.13 14:46:29[0m [ KLAYTN-TEST ] | INFO  | saved the block number where the deposit event occurred. number: 2835314
[90m23.09.13 14:46:29[0m [ KLAYTN-TEST ] | DEBUG | Getting balance for 0x150fC226fc15f0a21A8E798c48aDF46E4b45577D
[90m23.09.13 14:46:29[0m [ KLAYTN-TEST ] | DEBUG | method balanceOf called [36mcontract=[0m0x1A89EC8D286c3060067D9D4341E9Ccf1a99653B6
[90m23.09.13 14:46:29[0m [ KLAYTN-TEST ] | DEBUG | method transfer executed [36mcontract=[0m0x1A89EC8D286c3060067D9D4341E9Ccf1a99653B6 [36mtxHash=[0m0x01519cfac5aa409fe6b35d611259ddda17fc04aa37bdbfe5dc462edcc0936f73
[90m23.09.13 14:46:29[0m [ KLAYTN-TEST ] | INFO  | receive tx receipt successfully. Block: 133004708, Tx Hash: 0x01519cfac5aa409fe6b35d611259ddda17fc04aa37bdbfe5dc462edcc0936f73, GasUsed: 5.8329e-14
[90m23.09.13 14:46:29[0m [ KLAYTN-TEST ] | INFO  | saved the block number where the deposit event occurred. number: 2835313
[90m23.09.13 14:46:29[0m [ KLAYTN-TEST ] | DEBUG | Getting balance for 0x8df2BE5a17993Ce0acbCC6806392dbdBc51Ed8ce
[90m23.09.13 14:46:29[0m [ KLAYTN-TEST ] | DEBUG | method balanceOf called [36mcontract=[0m0x1A89EC8D286c3060067D9D4341E9Ccf1a99653B6
[90m23.09.13 14:46:29[0m [ KLAYTN-TEST ] | DEBUG | method transfer executed [36mcontract=[0m0x1A89EC8D286c3060067D9D4341E9Ccf1a99653B6 [36mtxHash=[0m0x5a825f21ca2acda6103171faa03ffe5c5c28bcec125be383aff4165f585d0a90
[90m23.09.13 14:46:29[0m [ KLAYTN-TEST ] | INFO  | receive tx receipt successfully. Block: 133004708, Tx Hash: 0x5a825f21ca2acda6103171faa03ffe5c5c28bcec125be383aff4165f585d0a90, GasUsed: 5.8329e-14
[90m23.09.13 14:46:29[0m [ KLAYTN-TEST ] | INFO  | saved the block number where the deposit event occurred. number: 2835313
[90m23.09.13 14:46:29[0m [ KLAYTN-TEST ] | DEBUG | Getting balance for 0x6466d81198cE3EAe4D3a69AE4751D472EFD9c5b5
[90m23.09.13 14:46:29[0m [ KLAYTN-TEST ] | DEBUG | method balanceOf called [36mcontract=[0m0x1A89EC8D286c3060067D9D4341E9Ccf1a99653B6
[90m23.09.13 14:46:29[0m [ KLAYTN-TEST ] | DEBUG | method transfer executed [36mcontract=[0m0x1A89EC8D286c3060067D9D4341E9Ccf1a99653B6 [36mtxHash=[0m0x6112366a8f8424061d6295749523bc0db5e369a33c42e9e713eb155c81566296
[90m23.09.13 14:46:29[0m [ KLAYTN-TEST ] | INFO  | receive tx receipt successfully. Block: 133004710, Tx Hash: 0x6112366a8f8424061d6295749523bc0db5e369a33c42e9e713eb155c81566296, GasUsed: 5.8329e-14
[90m23.09.13 14:46:29[0m [ KLAYTN-TEST ] | INFO  | saved the block number where the deposit event occurred. number: 2835314
[90m23.09.13 14:46:29[0m [ KLAYTN-TEST ] | DEBUG | Getting balance for 0x53a471CF617D2BA6263B402cF9f1a049BE38D39d
[90m23.09.13 14:46:29[0m [ KLAYTN-TEST ] | DEBUG | method balanceOf called [36mcontract=[0m0x1A89EC8D286c3060067D9D4341E9Ccf1a99653B6
[90m23.09.13 14:46:29[0m [ KLAYTN-TEST ] | DEBUG | method transfer executed [36mcontract=[0m0x1A89EC8D286c3060067D9D4341E9Ccf1a99653B6 [36mtxHash=[0m0x780608a660046d9744f1b3ee2596af13252db1fd228759b3ecf0858a19f6295f
[90m23.09.13 14:46:29[0m [ KLAYTN-TEST ] | INFO  | receive tx receipt successfully. Block: 133004710, Tx Hash: 0x780608a660046d9744f1b3ee2596af13252db1fd228759b3ecf0858a19f6295f, GasUsed: 5.8329e-14
[90m23.09.13 14:46:29[0m [ KLAYTN-TEST ] | INFO  | saved the block number where the deposit event occurred. number: 2835314
[90m23.09.13 14:46:29[0m [ KLAYTN-TEST ] | DEBUG | Getting balance for 0x2Fde14DAB5C894A48734c0e9191961B2020e0d43
[90m23.09.13 14:46:29[0m [ KLAYTN-TEST ] | DEBUG | method balanceOf called [36mcontract=[0m0x1A89EC8D286c3060067D9D4341E9Ccf1a99653B6
[90m23.09.13 14:46:29[0m [ KLAYTN-TEST ] | DEBUG | method transfer executed [36mcontract=[0m0x1A89EC8D286c3060067D9D4341E9Ccf1a99653B6 [36mtxHash=[0m0x34b1c34411fb538418c65d111514a7846363752b58395ae27e4da59d5f142e55
[90m23.09.13 14:46:29[0m [ KLAYTN-TEST ] | INFO  | receive tx receipt successfully. Block: 133004710, Tx Hash: 0x34b1c34411fb538418c65d111514a7846363752b58395ae27e4da59d5f142e55, GasUsed: 5.8329e-14
[90m23.09.13 14:46:29[0m [ KLAYTN-TEST ] | INFO  | saved the block number where the deposit event occurred. number: 2835313
[90m23.09.13 14:46:29[0m [ KLAYTN-TEST ] | DEBUG | Getting balance for 0xaa3720Ad64CFA5413dbf920B2Ee280216d62d212
[90m23.09.13 14:46:29[0m [ KLAYTN-TEST ] | DEBUG | method balanceOf called [36mcontract=[0m0x1A89EC8D286c3060067D9D4341E9Ccf1a99653B6
[90m23.09.13 14:46:29[0m [ KLAYTN-TEST ] | DEBUG | method transfer executed [36mcontract=[0m0x1A89EC8D286c3060067D9D4341E9Ccf1a99653B6 [36mtxHash=[0m0x5fdd750946104d0924d368e2fd43cb8e23a3443a75101c7d41ba9f3be6c4f3ed
[90m23.09.13 14:46:29[0m [ KLAYTN-TEST ] | INFO  | receive tx receipt successfully. Block: 133004710, Tx Hash: 0x5fdd750946104d0924d368e2fd43cb8e23a3443a75101c7d41ba9f3be6c4f3ed, GasUsed: 5.8329e-14
[90m23.09.13 14:46:29[0m [ KLAYTN-TEST ] | INFO  | saved the block number where the deposit event occurred. number: 2835314
[90m23.09.13 14:46:29[0m [ KLAYTN-TEST ] | DEBUG | Getting balance for 0xfaDE414352987E7b3D9E544d8f346aEEfd54264D
[90m23.09.13 14:46:29[0m [ KLAYTN-TEST ] | DEBUG | method balanceOf called [36mcontract=[0m0x1A89EC8D286c3060067D9D4341E9Ccf1a99653B6
[90m23.09.13 14:46:34[0m [ KLAYTN-TEST ] | DEBUG | method transfer executed [36mcontract=[0m0x1A89EC8D286c3060067D9D4341E9Ccf1a99653B6 [36mtxHash=[0m0x959be006f119d7979e29d1a505c99ebad09c0a68ce8e47801f7af7f0b9f61269
[90m23.09.13 14:46:34[0m [ KLAYTN-TEST ] | INFO  | receive tx receipt successfully. Block: 133004712, Tx Hash: 0x959be006f119d7979e29d1a505c99ebad09c0a68ce8e47801f7af7f0b9f61269, GasUsed: 5.8329e-14
[90m23.09.13 14:46:34[0m [ KLAYTN-TEST ] | INFO  | saved the block number where the deposit event occurred. number: 2835313
[90m23.09.13 14:46:34[0m [ KLAYTN-TEST ] | DEBUG | Getting balance for 0x79b252dd502b0D1d6EdC410eC8A0c875F0285Aca
[90m23.09.13 14:46:34[0m [ KLAYTN-TEST ] | DEBUG | method balanceOf called [36mcontract=[0m0x1A89EC8D286c3060067D9D4341E9Ccf1a99653B6
[90m23.09.13 14:46:34[0m [ KLAYTN-TEST ] | DEBUG | method transfer executed [36mcontract=[0m0x1A89EC8D286c3060067D9D4341E9Ccf1a99653B6 [36mtxHash=[0m0xacf87807c0d3598896f664a6edaf22814eaa1ef85a04a3aec367092857770d42
[90m23.09.13 14:46:34[0m [ KLAYTN-TEST ] | INFO  | receive tx receipt successfully. Block: 133004712, Tx Hash: 0xacf87807c0d3598896f664a6edaf22814eaa1ef85a04a3aec367092857770d42, GasUsed: 5.8329e-14
[90m23.09.13 14:46:34[0m [ KLAYTN-TEST ] | INFO  | saved the block number where the deposit event occurred. number: 2835314
[90m23.09.13 14:46:34[0m [ KLAYTN-TEST ] | DEBUG | Getting balance for 0x805Ea0f7852A21606EB5ee778423A7C7deE8CB91
[90m23.09.13 14:46:34[0m [ KLAYTN-TEST ] | DEBUG | method transfer executed [36mcontract=[0m0x1A89EC8D286c3060067D9D4341E9Ccf1a99653B6 [36mtxHash=[0m0x8ad9772b2f1d4b44ec3f801587fe197e1a2751b20b620bf0f18e28e0c3564166
[90m23.09.13 14:46:34[0m [ KLAYTN-TEST ] | DEBUG | method balanceOf called [36mcontract=[0m0x1A89EC8D286c3060067D9D4341E9Ccf1a99653B6
[90m23.09.13 14:46:34[0m [ KLAYTN-TEST ] | INFO  | receive tx receipt successfully. Block: 133004712, Tx Hash: 0x8ad9772b2f1d4b44ec3f801587fe197e1a2751b20b620bf0f18e28e0c3564166, GasUsed: 5.8329e-14
[90m23.09.13 14:46:34[0m [ KLAYTN-TEST ] | INFO  | saved the block number where the deposit event occurred. number: 2835314
[90m23.09.13 14:46:34[0m [ KLAYTN-TEST ] | DEBUG | Getting balance for 0xC36767Ea2Bd727Cf8b881e1951445aEc5F2E553A
[90m23.09.13 14:46:34[0m [ KLAYTN-TEST ] | DEBUG | method balanceOf called [36mcontract=[0m0x1A89EC8D286c3060067D9D4341E9Ccf1a99653B6
[90m23.09.13 14:46:34[0m [ KLAYTN-TEST ] | DEBUG | method transfer executed [36mcontract=[0m0x1A89EC8D286c3060067D9D4341E9Ccf1a99653B6 [36mtxHash=[0m0x7932a317dce6373423563778ab30a7d075058b917bd8a9699ee570e010d61e68
[90m23.09.13 14:46:34[0m [ KLAYTN-TEST ] | INFO  | receive tx receipt successfully. Block: 133004712, Tx Hash: 0x7932a317dce6373423563778ab30a7d075058b917bd8a9699ee570e010d61e68, GasUsed: 5.8329e-14
[90m23.09.13 14:46:34[0m [ KLAYTN-TEST ] | INFO  | saved the block number where the deposit event occurred. number: 2835314
[90m23.09.13 14:46:34[0m [ KLAYTN-TEST ] | DEBUG | Getting balance for 0xd59026772b3ba5baC300f422B76844d5658E5a68
[90m23.09.13 14:46:34[0m [ KLAYTN-TEST ] | DEBUG | method balanceOf called [36mcontract=[0m0x1A89EC8D286c3060067D9D4341E9Ccf1a99653B6
[90m23.09.13 14:46:34[0m [ KLAYTN-TEST ] | DEBUG | method transfer executed [36mcontract=[0m0x1A89EC8D286c3060067D9D4341E9Ccf1a99653B6 [36mtxHash=[0m0x75c203781e62e520ec178b0019dec0ab99a0e799984104f860a53ce8367844e1
[90m23.09.13 14:46:34[0m [ KLAYTN-TEST ] | INFO  | receive tx receipt successfully. Block: 133004714, Tx Hash: 0x75c203781e62e520ec178b0019dec0ab99a0e799984104f860a53ce8367844e1, GasUsed: 5.8329e-14
[90m23.09.13 14:46:34[0m [ KLAYTN-TEST ] | INFO  | saved the block number where the deposit event occurred. number: 2835314
[90m23.09.13 14:46:34[0m [ KLAYTN-TEST ] | DEBUG | Getting balance for 0xca600A767D050F687967006E8Db19521c1C3f655
[90m23.09.13 14:46:34[0m [ KLAYTN-TEST ] | DEBUG | method balanceOf called [36mcontract=[0m0x1A89EC8D286c3060067D9D4341E9Ccf1a99653B6
[90m23.09.13 14:46:34[0m [ KLAYTN-TEST ] | DEBUG | method transfer executed [36mcontract=[0m0x1A89EC8D286c3060067D9D4341E9Ccf1a99653B6 [36mtxHash=[0m0xc2fe23437ccebe233bc547bdcefb8be4c7434e0adef82e4e549248d0a1c17745
[90m23.09.13 14:46:34[0m [ KLAYTN-TEST ] | INFO  | receive tx receipt successfully. Block: 133004714, Tx Hash: 0xc2fe23437ccebe233bc547bdcefb8be4c7434e0adef82e4e549248d0a1c17745, GasUsed: 5.8329e-14
[90m23.09.13 14:46:34[0m [ KLAYTN-TEST ] | INFO  | saved the block number where the deposit event occurred. number: 2835314
[90m23.09.13 14:46:34[0m [ KLAYTN-TEST ] | DEBUG | Getting balance for 0xc2610e0F52fccC82eD8c0f755Bd862ACb9090493
[90m23.09.13 14:46:34[0m [ KLAYTN-TEST ] | DEBUG | method balanceOf called [36mcontract=[0m0x1A89EC8D286c3060067D9D4341E9Ccf1a99653B6
[90m23.09.13 14:46:34[0m [ KLAYTN-TEST ] | DEBUG | method transfer executed [36mcontract=[0m0x1A89EC8D286c3060067D9D4341E9Ccf1a99653B6 [36mtxHash=[0m0x82251cab11156a1e4dd2649f002b484b36379e70fd3802d7ececd540b612ebca
[90m23.09.13 14:46:34[0m [ KLAYTN-TEST ] | INFO  | receive tx receipt successfully. Block: 133004716, Tx Hash: 0x82251cab11156a1e4dd2649f002b484b36379e70fd3802d7ececd540b612ebca, GasUsed: 5.8329e-14
[90m23.09.13 14:46:34[0m [ KLAYTN-TEST ] | INFO  | saved the block number where the deposit event occurred. number: 2835314
[90m23.09.13 14:46:34[0m [ KLAYTN-TEST ] | DEBUG | Getting balance for 0x2746Ebcf330395F2d97f7f3a525D351fAd4Ec6Ed
[90m23.09.13 14:46:35[0m [ KLAYTN-TEST ] | DEBUG | method balanceOf called [36mcontract=[0m0x1A89EC8D286c3060067D9D4341E9Ccf1a99653B6
[90m23.09.13 14:46:35[0m [ KLAYTN-TEST ] | DEBUG | method transfer executed [36mcontract=[0m0x1A89EC8D286c3060067D9D4341E9Ccf1a99653B6 [36mtxHash=[0m0x1c87f14d9c53460c564ad5464f66f1d26c0eadf88254eedc01fe24b5162d27d9
[90m23.09.13 14:46:35[0m [ KLAYTN-TEST ] | INFO  | receive tx receipt successfully. Block: 133004716, Tx Hash: 0x1c87f14d9c53460c564ad5464f66f1d26c0eadf88254eedc01fe24b5162d27d9, GasUsed: 5.8329e-14
[90m23.09.13 14:46:35[0m [ KLAYTN-TEST ] | INFO  | saved the block number where the deposit event occurred. number: 2835314
[90m23.09.13 14:46:35[0m [ KLAYTN-TEST ] | DEBUG | Getting balance for 0x5D3281ad6EBbfa5462FC2a4c99FaF0Ee65bb3Eca
[90m23.09.13 14:46:35[0m [ KLAYTN-TEST ] | DEBUG | method balanceOf called [36mcontract=[0m0x1A89EC8D286c3060067D9D4341E9Ccf1a99653B6
[90m23.09.13 14:46:35[0m [ KLAYTN-TEST ] | DEBUG | method transfer executed [36mcontract=[0m0x1A89EC8D286c3060067D9D4341E9Ccf1a99653B6 [36mtxHash=[0m0x5e9cb1a54fdca19214b05866802d2cc1fc5ca155606cf525d4fbec9fe056f38f
[90m23.09.13 14:46:35[0m [ KLAYTN-TEST ] | INFO  | receive tx receipt successfully. Block: 133004716, Tx Hash: 0x5e9cb1a54fdca19214b05866802d2cc1fc5ca155606cf525d4fbec9fe056f38f, GasUsed: 5.8329e-14
[90m23.09.13 14:46:35[0m [ KLAYTN-TEST ] | INFO  | saved the block number where the deposit event occurred. number: 2835313
[90m23.09.13 14:46:35[0m [ KLAYTN-TEST ] | DEBUG | Getting balance for 0x32299279B502E7C380f4199E361c058D0060234b
[90m23.09.13 14:46:35[0m [ KLAYTN-TEST ] | DEBUG | method balanceOf called [36mcontract=[0m0x1A89EC8D286c3060067D9D4341E9Ccf1a99653B6
[90m23.09.13 14:46:35[0m [ KLAYTN-TEST ] | DEBUG | method transfer executed [36mcontract=[0m0x1A89EC8D286c3060067D9D4341E9Ccf1a99653B6 [36mtxHash=[0m0x722a5ce8d235c745a22a588555bee0434e34170568339024b33d6436743d6573
[90m23.09.13 14:46:35[0m [ KLAYTN-TEST ] | INFO  | receive tx receipt successfully. Block: 133004716, Tx Hash: 0x722a5ce8d235c745a22a588555bee0434e34170568339024b33d6436743d6573, GasUsed: 5.8329e-14
[90m23.09.13 14:46:35[0m [ KLAYTN-TEST ] | INFO  | saved the block number where the deposit event occurred. number: 2835314
[90m23.09.13 14:46:35[0m [ KLAYTN-TEST ] | DEBUG | Getting balance for 0xcD469c5b0253CD725cF9fFd78F9B87C8E9Bbb160
[90m23.09.13 14:46:35[0m [ KLAYTN-TEST ] | DEBUG | method balanceOf called [36mcontract=[0m0x1A89EC8D286c3060067D9D4341E9Ccf1a99653B6
[90m23.09.13 14:46:40[0m [ KLAYTN-TEST ] | DEBUG | method transfer executed [36mcontract=[0m0x1A89EC8D286c3060067D9D4341E9Ccf1a99653B6 [36mtxHash=[0m0xd195c2619936a8b7efe8b767fca46ee0f4efc73d87cbddba5cd99dd5d59540cd
[90m23.09.13 14:46:40[0m [ KLAYTN-TEST ] | INFO  | receive tx receipt successfully. Block: 133004718, Tx Hash: 0xd195c2619936a8b7efe8b767fca46ee0f4efc73d87cbddba5cd99dd5d59540cd, GasUsed: 5.8329e-14
[90m23.09.13 14:46:40[0m [ KLAYTN-TEST ] | INFO  | saved the block number where the deposit event occurred. number: 2835313
[90m23.09.13 14:46:40[0m [ KLAYTN-TEST ] | DEBUG | Getting balance for 0x4c8B4A988A22BEbf45188b964D0AE66370358F83
[90m23.09.13 14:46:40[0m [ KLAYTN-TEST ] | DEBUG | method balanceOf called [36mcontract=[0m0x1A89EC8D286c3060067D9D4341E9Ccf1a99653B6
[90m23.09.13 14:46:40[0m [ KLAYTN-TEST ] | DEBUG | method transfer executed [36mcontract=[0m0x1A89EC8D286c3060067D9D4341E9Ccf1a99653B6 [36mtxHash=[0m0x8eb07d6462a264990b7b5e7c334aefeb6910468dbc17a0ab3e4a2de004e6e760
[90m23.09.13 14:46:40[0m [ KLAYTN-TEST ] | DEBUG | method transfer executed [36mcontract=[0m0x1A89EC8D286c3060067D9D4341E9Ccf1a99653B6 [36mtxHash=[0m0x83aa215fa70f355bb0a65abd485be1683ca210cd0f0eabc16e58e40f6b6132a4
[90m23.09.13 14:46:40[0m [ KLAYTN-TEST ] | INFO  | receive tx receipt successfully. Block: 133004718, Tx Hash: 0x83aa215fa70f355bb0a65abd485be1683ca210cd0f0eabc16e58e40f6b6132a4, GasUsed: 5.8329e-14
[90m23.09.13 14:46:40[0m [ KLAYTN-TEST ] | INFO  | receive tx receipt successfully. Block: 133004718, Tx Hash: 0x8eb07d6462a264990b7b5e7c334aefeb6910468dbc17a0ab3e4a2de004e6e760, GasUsed: 5.8329e-14
[90m23.09.13 14:46:40[0m [ KLAYTN-TEST ] | INFO  | saved the block number where the deposit event occurred. number: 2835314
[90m23.09.13 14:46:40[0m [ KLAYTN-TEST ] | DEBUG | Getting balance for 0x72593a3E8929747683Da925ac5483336a32945eF
[90m23.09.13 14:46:40[0m [ KLAYTN-TEST ] | INFO  | saved the block number where the deposit event occurred. number: 2835314
[90m23.09.13 14:46:40[0m [ KLAYTN-TEST ] | DEBUG | Getting balance for 0x1aDa11be64fB592a2ba7a81CD52Ae5C2CDAb9473
[90m23.09.13 14:46:40[0m [ KLAYTN-TEST ] | DEBUG | method balanceOf called [36mcontract=[0m0x1A89EC8D286c3060067D9D4341E9Ccf1a99653B6
[90m23.09.13 14:46:40[0m [ KLAYTN-TEST ] | DEBUG | method balanceOf called [36mcontract=[0m0x1A89EC8D286c3060067D9D4341E9Ccf1a99653B6
[90m23.09.13 14:46:40[0m [ KLAYTN-TEST ] | DEBUG | method transfer executed [36mcontract=[0m0x1A89EC8D286c3060067D9D4341E9Ccf1a99653B6 [36mtxHash=[0m0xa76b2297f7c5a5cb13d4aab599d04ff93e74240943435e9445ad683291fb3983
[90m23.09.13 14:46:40[0m [ KLAYTN-TEST ] | INFO  | receive tx receipt successfully. Block: 133004720, Tx Hash: 0xa76b2297f7c5a5cb13d4aab599d04ff93e74240943435e9445ad683291fb3983, GasUsed: 5.8329e-14
[90m23.09.13 14:46:40[0m [ KLAYTN-TEST ] | INFO  | saved the block number where the deposit event occurred. number: 2835313
[90m23.09.13 14:46:40[0m [ KLAYTN-TEST ] | DEBUG | Getting balance for 0xB21DcfCb2C73F114d2DbF34052154E8678483369
[90m23.09.13 14:46:40[0m [ KLAYTN-TEST ] | DEBUG | method transfer executed [36mcontract=[0m0x1A89EC8D286c3060067D9D4341E9Ccf1a99653B6 [36mtxHash=[0m0xc90eb04f600f36179657d30490edca423239127a316a26ad2741f9ef7d402442
[90m23.09.13 14:46:40[0m [ KLAYTN-TEST ] | DEBUG | method balanceOf called [36mcontract=[0m0x1A89EC8D286c3060067D9D4341E9Ccf1a99653B6
[90m23.09.13 14:46:40[0m [ KLAYTN-TEST ] | INFO  | receive tx receipt successfully. Block: 133004720, Tx Hash: 0xc90eb04f600f36179657d30490edca423239127a316a26ad2741f9ef7d402442, GasUsed: 5.8329e-14
[90m23.09.13 14:46:40[0m [ KLAYTN-TEST ] | INFO  | saved the block number where the deposit event occurred. number: 2835314
[90m23.09.13 14:46:40[0m [ KLAYTN-TEST ] | DEBUG | Getting balance for 0xe6525FD892a21f55473182465347e40C34053a55
[90m23.09.13 14:46:40[0m [ KLAYTN-TEST ] | DEBUG | method balanceOf called [36mcontract=[0m0x1A89EC8D286c3060067D9D4341E9Ccf1a99653B6
[90m23.09.13 14:46:40[0m [ KLAYTN-TEST ] | DEBUG | method transfer executed [36mcontract=[0m0x1A89EC8D286c3060067D9D4341E9Ccf1a99653B6 [36mtxHash=[0m0x4d9af5b7d33b00e2b7ce04071c2748e6da7427b427284ac0c179a12dc5ba0216
[90m23.09.13 14:46:40[0m [ KLAYTN-TEST ] | DEBUG | method transfer executed [36mcontract=[0m0x1A89EC8D286c3060067D9D4341E9Ccf1a99653B6 [36mtxHash=[0m0x0baea9ff06c648686c533cfbf4ba210d3f9c09fc76bec6364bda9bf96bf539b3
[90m23.09.13 14:46:40[0m [ KLAYTN-TEST ] | INFO  | receive tx receipt successfully. Block: 133004720, Tx Hash: 0x4d9af5b7d33b00e2b7ce04071c2748e6da7427b427284ac0c179a12dc5ba0216, GasUsed: 5.8329e-14
[90m23.09.13 14:46:40[0m [ KLAYTN-TEST ] | INFO  | saved the block number where the deposit event occurred. number: 2835313
[90m23.09.13 14:46:40[0m [ KLAYTN-TEST ] | DEBUG | Getting balance for 0x8B76f3B64a4DbFF27351A93bAFb6208c4F48fF28
[90m23.09.13 14:46:40[0m [ KLAYTN-TEST ] | INFO  | receive tx receipt successfully. Block: 133004720, Tx Hash: 0x0baea9ff06c648686c533cfbf4ba210d3f9c09fc76bec6364bda9bf96bf539b3, GasUsed: 5.8329e-14
[90m23.09.13 14:46:40[0m [ KLAYTN-TEST ] | INFO  | saved the block number where the deposit event occurred. number: 2835314
[90m23.09.13 14:46:40[0m [ KLAYTN-TEST ] | DEBUG | Getting balance for 0xd895d482E6B9e49E5C7cC6970E1BAd3d8a8E4bcE
[90m23.09.13 14:46:40[0m [ KLAYTN-TEST ] | DEBUG | method balanceOf called [36mcontract=[0m0x1A89EC8D286c3060067D9D4341E9Ccf1a99653B6
[90m23.09.13 14:46:40[0m [ KLAYTN-TEST ] | DEBUG | method balanceOf called [36mcontract=[0m0x1A89EC8D286c3060067D9D4341E9Ccf1a99653B6
[90m23.09.13 14:46:40[0m [ KLAYTN-TEST ] | DEBUG | method transfer executed [36mcontract=[0m0x1A89EC8D286c3060067D9D4341E9Ccf1a99653B6 [36mtxHash=[0m0xdccac8db45349064dc79682568fd53152023b4bc84c40b8703d7adaa0e392e80
[90m23.09.13 14:46:40[0m [ KLAYTN-TEST ] | INFO  | receive tx receipt successfully. Block: 133004720, Tx Hash: 0xdccac8db45349064dc79682568fd53152023b4bc84c40b8703d7adaa0e392e80, GasUsed: 5.8329e-14
[90m23.09.13 14:46:40[0m [ KLAYTN-TEST ] | INFO  | saved the block number where the deposit event occurred. number: 2835314
[90m23.09.13 14:46:40[0m [ KLAYTN-TEST ] | DEBUG | Getting balance for 0x511F8A22C2e1685b1946E91456ef2D32004CE7Cd
[90m23.09.13 14:46:40[0m [ KLAYTN-TEST ] | DEBUG | method balanceOf called [36mcontract=[0m0x1A89EC8D286c3060067D9D4341E9Ccf1a99653B6
[90m23.09.13 14:46:45[0m [ KLAYTN-TEST ] | DEBUG | method transfer executed [36mcontract=[0m0x1A89EC8D286c3060067D9D4341E9Ccf1a99653B6 [36mtxHash=[0m0x040d89148633e8c31a5fd5baced43896b115d6f9f8286f0e732a080ba1a12607
[90m23.09.13 14:46:45[0m [ KLAYTN-TEST ] | INFO  | receive tx receipt successfully. Block: 133004722, Tx Hash: 0x040d89148633e8c31a5fd5baced43896b115d6f9f8286f0e732a080ba1a12607, GasUsed: 5.8329e-14
[90m23.09.13 14:46:45[0m [ KLAYTN-TEST ] | INFO  | saved the block number where the deposit event occurred. number: 2835314
[90m23.09.13 14:46:45[0m [ KLAYTN-TEST ] | DEBUG | Getting balance for 0x5D6085f54Fac468155eE6D5967743F841533bF42
[90m23.09.13 14:46:45[0m [ KLAYTN-TEST ] | DEBUG | method transfer executed [36mcontract=[0m0x1A89EC8D286c3060067D9D4341E9Ccf1a99653B6 [36mtxHash=[0m0x6bd178fb7fa3db40dfeadd56771dae6d23f397cfd5bcfd89b6cefcf5075042fe
[90m23.09.13 14:46:45[0m [ KLAYTN-TEST ] | DEBUG | method balanceOf called [36mcontract=[0m0x1A89EC8D286c3060067D9D4341E9Ccf1a99653B6
[90m23.09.13 14:46:45[0m [ KLAYTN-TEST ] | DEBUG | method transfer executed [36mcontract=[0m0x1A89EC8D286c3060067D9D4341E9Ccf1a99653B6 [36mtxHash=[0m0x63adafb6e36d91b8a6dbebea42378a5ab41cd5544191a97edb94fb8d23b059a7
[90m23.09.13 14:46:45[0m [ KLAYTN-TEST ] | INFO  | receive tx receipt successfully. Block: 133004722, Tx Hash: 0x6bd178fb7fa3db40dfeadd56771dae6d23f397cfd5bcfd89b6cefcf5075042fe, GasUsed: 5.8329e-14
[90m23.09.13 14:46:45[0m [ KLAYTN-TEST ] | INFO  | saved the block number where the deposit event occurred. number: 2835314
[90m23.09.13 14:46:45[0m [ KLAYTN-TEST ] | DEBUG | Getting balance for 0x70CE63eb07B5b8AA21cB123D756d759642E89644
[90m23.09.13 14:46:45[0m [ KLAYTN-TEST ] | INFO  | receive tx receipt successfully. Block: 133004724, Tx Hash: 0x63adafb6e36d91b8a6dbebea42378a5ab41cd5544191a97edb94fb8d23b059a7, GasUsed: 5.8329e-14
[90m23.09.13 14:46:45[0m [ KLAYTN-TEST ] | DEBUG | method balanceOf called [36mcontract=[0m0x1A89EC8D286c3060067D9D4341E9Ccf1a99653B6
[90m23.09.13 14:46:45[0m [ KLAYTN-TEST ] | INFO  | saved the block number where the deposit event occurred. number: 2835314
[90m23.09.13 14:46:45[0m [ KLAYTN-TEST ] | DEBUG | Getting balance for 0x582386b02e54faf351FAB9A047D04D2b84251812
[90m23.09.13 14:46:45[0m [ KLAYTN-TEST ] | DEBUG | method balanceOf called [36mcontract=[0m0x1A89EC8D286c3060067D9D4341E9Ccf1a99653B6
[90m23.09.13 14:46:45[0m [ KLAYTN-TEST ] | DEBUG | method transfer executed [36mcontract=[0m0x1A89EC8D286c3060067D9D4341E9Ccf1a99653B6 [36mtxHash=[0m0xa964c48da85e2186001dc2902ed123dc88a68b0bdc68ba4e4012eed5dee57689
[90m23.09.13 14:46:45[0m [ KLAYTN-TEST ] | INFO  | receive tx receipt successfully. Block: 133004724, Tx Hash: 0xa964c48da85e2186001dc2902ed123dc88a68b0bdc68ba4e4012eed5dee57689, GasUsed: 5.8329e-14
[90m23.09.13 14:46:45[0m [ KLAYTN-TEST ] | INFO  | saved the block number where the deposit event occurred. number: 2835314
[90m23.09.13 14:46:45[0m [ KLAYTN-TEST ] | DEBUG | Getting balance for 0xfe9707d53e71ba4b37A837d57AdcC20D0329bE5A
[90m23.09.13 14:46:45[0m [ KLAYTN-TEST ] | DEBUG | method balanceOf called [36mcontract=[0m0x1A89EC8D286c3060067D9D4341E9Ccf1a99653B6
[90m23.09.13 14:46:45[0m [ KLAYTN-TEST ] | DEBUG | method transfer executed [36mcontract=[0m0x1A89EC8D286c3060067D9D4341E9Ccf1a99653B6 [36mtxHash=[0m0x6b322e91db4bf2b2fd9a65eb612e55eae8e326dddd0e1c05bf78b5657f8ec189
[90m23.09.13 14:46:45[0m [ KLAYTN-TEST ] | INFO  | receive tx receipt successfully. Block: 133004724, Tx Hash: 0x6b322e91db4bf2b2fd9a65eb612e55eae8e326dddd0e1c05bf78b5657f8ec189, GasUsed: 5.8329e-14
[90m23.09.13 14:46:45[0m [ KLAYTN-TEST ] | INFO  | saved the block number where the deposit event occurred. number: 2835314
[90m23.09.13 14:46:45[0m [ KLAYTN-TEST ] | DEBUG | Getting balance for 0x1A83bfB7cb63942F02E44c32C962dA18ce1bf6cF
[90m23.09.13 14:46:45[0m [ KLAYTN-TEST ] | DEBUG | method transfer executed [36mcontract=[0m0x1A89EC8D286c3060067D9D4341E9Ccf1a99653B6 [36mtxHash=[0m0x33113952449fa0287d90321f3322b4a096698d8952668f62435dbe12f1e6af4f
[90m23.09.13 14:46:45[0m [ KLAYTN-TEST ] | DEBUG | method balanceOf called [36mcontract=[0m0x1A89EC8D286c3060067D9D4341E9Ccf1a99653B6
[90m23.09.13 14:46:45[0m [ KLAYTN-TEST ] | INFO  | receive tx receipt successfully. Block: 133004724, Tx Hash: 0x33113952449fa0287d90321f3322b4a096698d8952668f62435dbe12f1e6af4f, GasUsed: 5.8329e-14
[90m23.09.13 14:46:45[0m [ KLAYTN-TEST ] | INFO  | saved the block number where the deposit event occurred. number: 2835314
[90m23.09.13 14:46:45[0m [ KLAYTN-TEST ] | DEBUG | Getting balance for 0x5821cb4A1d8ffbc03Aac253a8b3f8d3BF8D07b56
[90m23.09.13 14:46:45[0m [ KLAYTN-TEST ] | DEBUG | method balanceOf called [36mcontract=[0m0x1A89EC8D286c3060067D9D4341E9Ccf1a99653B6
[90m23.09.13 14:46:45[0m [ KLAYTN-TEST ] | DEBUG | method transfer executed [36mcontract=[0m0x1A89EC8D286c3060067D9D4341E9Ccf1a99653B6 [36mtxHash=[0m0x31ce756c4139f21ac668358204e8c1a02ada52c6a6cf25475036b3a5db442ebe
[90m23.09.13 14:46:45[0m [ KLAYTN-TEST ] | INFO  | receive tx receipt successfully. Block: 133004724, Tx Hash: 0x31ce756c4139f21ac668358204e8c1a02ada52c6a6cf25475036b3a5db442ebe, GasUsed: 5.8329e-14
[90m23.09.13 14:46:45[0m [ KLAYTN-TEST ] | INFO  | saved the block number where the deposit event occurred. number: 2835314
[90m23.09.13 14:46:45[0m [ KLAYTN-TEST ] | DEBUG | Getting balance for 0x5f45a735DeeAce6F18e65f5530c1799bcF32d8a8
[90m23.09.13 14:46:45[0m [ KLAYTN-TEST ] | DEBUG | method balanceOf called [36mcontract=[0m0x1A89EC8D286c3060067D9D4341E9Ccf1a99653B6
[90m23.09.13 14:46:45[0m [ KLAYTN-TEST ] | DEBUG | method transfer executed [36mcontract=[0m0x1A89EC8D286c3060067D9D4341E9Ccf1a99653B6 [36mtxHash=[0m0x8ac301ca62e3343d31364c52951ccc80b31fbe55b55e16fcf4a85e2202818506
[90m23.09.13 14:46:45[0m [ KLAYTN-TEST ] | INFO  | receive tx receipt successfully. Block: 133004726, Tx Hash: 0x8ac301ca62e3343d31364c52951ccc80b31fbe55b55e16fcf4a85e2202818506, GasUsed: 5.8329e-14
[90m23.09.13 14:46:45[0m [ KLAYTN-TEST ] | INFO  | saved the block number where the deposit event occurred. number: 2835314
[90m23.09.13 14:46:45[0m [ KLAYTN-TEST ] | DEBUG | Getting balance for 0xAd6FE1144862894FDd8C876fd2dfBd407f96f7e8
[90m23.09.13 14:46:45[0m [ KLAYTN-TEST ] | DEBUG | method transfer executed [36mcontract=[0m0x1A89EC8D286c3060067D9D4341E9Ccf1a99653B6 [36mtxHash=[0m0xeb9704c4ee6256f602da575010531d1fcd4d20eda66478f245a107c029303e47
[90m23.09.13 14:46:45[0m [ KLAYTN-TEST ] | DEBUG | method balanceOf called [36mcontract=[0m0x1A89EC8D286c3060067D9D4341E9Ccf1a99653B6
[90m23.09.13 14:46:45[0m [ KLAYTN-TEST ] | INFO  | receive tx receipt successfully. Block: 133004726, Tx Hash: 0xeb9704c4ee6256f602da575010531d1fcd4d20eda66478f245a107c029303e47, GasUsed: 5.8329e-14
[90m23.09.13 14:46:45[0m [ KLAYTN-TEST ] | INFO  | saved the block number where the deposit event occurred. number: 2835314
[90m23.09.13 14:46:45[0m [ KLAYTN-TEST ] | DEBUG | Getting balance for 0xBAcc15984Bb2b929F78456A460E9fa27e90D7Eda
[90m23.09.13 14:46:45[0m [ KLAYTN-TEST ] | DEBUG | method balanceOf called [36mcontract=[0m0x1A89EC8D286c3060067D9D4341E9Ccf1a99653B6
[90m23.09.13 14:46:50[0m [ KLAYTN-TEST ] | DEBUG | method transfer executed [36mcontract=[0m0x1A89EC8D286c3060067D9D4341E9Ccf1a99653B6 [36mtxHash=[0m0x3947bf835b2eb691520a4d16d045e1f85d8addf6b12b5cbcb5f8813440c44adb
[90m23.09.13 14:46:50[0m [ KLAYTN-TEST ] | INFO  | receive tx receipt successfully. Block: 133004728, Tx Hash: 0x3947bf835b2eb691520a4d16d045e1f85d8addf6b12b5cbcb5f8813440c44adb, GasUsed: 5.8329e-14
[90m23.09.13 14:46:50[0m [ KLAYTN-TEST ] | INFO  | saved the block number where the deposit event occurred. number: 2835314
[90m23.09.13 14:46:50[0m [ KLAYTN-TEST ] | DEBUG | Getting balance for 0x6B580564633AaE0F90278bfdF0381c95085507d3
[90m23.09.13 14:46:50[0m [ KLAYTN-TEST ] | DEBUG | method balanceOf called [36mcontract=[0m0x1A89EC8D286c3060067D9D4341E9Ccf1a99653B6
[90m23.09.13 14:46:50[0m [ KLAYTN-TEST ] | DEBUG | method transfer executed [36mcontract=[0m0x1A89EC8D286c3060067D9D4341E9Ccf1a99653B6 [36mtxHash=[0m0xbe734a4378112e7e9241c566f0b315e154496d3762bf069f4058ee2dc5d72a78
[90m23.09.13 14:46:50[0m [ KLAYTN-TEST ] | INFO  | receive tx receipt successfully. Block: 133004728, Tx Hash: 0xbe734a4378112e7e9241c566f0b315e154496d3762bf069f4058ee2dc5d72a78, GasUsed: 5.8329e-14
[90m23.09.13 14:46:50[0m [ KLAYTN-TEST ] | INFO  | saved the block number where the deposit event occurred. number: 2835314
[90m23.09.13 14:46:50[0m [ KLAYTN-TEST ] | DEBUG | Getting balance for 0xDC13258E4f3c77351D40074a90083C8dFa5e020C
[90m23.09.13 14:46:51[0m [ KLAYTN-TEST ] | DEBUG | method balanceOf called [36mcontract=[0m0x1A89EC8D286c3060067D9D4341E9Ccf1a99653B6
[90m23.09.13 14:46:51[0m [ KLAYTN-TEST ] | DEBUG | method transfer executed [36mcontract=[0m0x1A89EC8D286c3060067D9D4341E9Ccf1a99653B6 [36mtxHash=[0m0xda6063ae0486f5ab230f934afd8607c30634e1d7a017ad224ba0ca527d582ae8
[90m23.09.13 14:46:51[0m [ KLAYTN-TEST ] | INFO  | receive tx receipt successfully. Block: 133004728, Tx Hash: 0xda6063ae0486f5ab230f934afd8607c30634e1d7a017ad224ba0ca527d582ae8, GasUsed: 5.8329e-14
[90m23.09.13 14:46:51[0m [ KLAYTN-TEST ] | INFO  | saved the block number where the deposit event occurred. number: 2835314
[90m23.09.13 14:46:51[0m [ KLAYTN-TEST ] | DEBUG | Getting balance for 0x020eCf0C3a4b94C809E76d0cE1AaF7cc355b94C8
[90m23.09.13 14:46:51[0m [ KLAYTN-TEST ] | DEBUG | method balanceOf called [36mcontract=[0m0x1A89EC8D286c3060067D9D4341E9Ccf1a99653B6
[90m23.09.13 14:46:51[0m [ KLAYTN-TEST ] | DEBUG | method transfer executed [36mcontract=[0m0x1A89EC8D286c3060067D9D4341E9Ccf1a99653B6 [36mtxHash=[0m0x67ee01b6c8b02404ca46e1bb383697b16b2ce206836f7c5ba837fabf0ed675b3
[90m23.09.13 14:46:51[0m [ KLAYTN-TEST ] | INFO  | receive tx receipt successfully. Block: 133004728, Tx Hash: 0x67ee01b6c8b02404ca46e1bb383697b16b2ce206836f7c5ba837fabf0ed675b3, GasUsed: 5.8329e-14
[90m23.09.13 14:46:51[0m [ KLAYTN-TEST ] | INFO  | saved the block number where the deposit event occurred. number: 2835314
[90m23.09.13 14:46:51[0m [ KLAYTN-TEST ] | DEBUG | Getting balance for 0xAADa7f4C0D683E96a0afF6e9BDcF5f5bD20D3cb5
[90m23.09.13 14:46:51[0m [ KLAYTN-TEST ] | DEBUG | method balanceOf called [36mcontract=[0m0x1A89EC8D286c3060067D9D4341E9Ccf1a99653B6
[90m23.09.13 14:46:51[0m [ KLAYTN-TEST ] | DEBUG | method transfer executed [36mcontract=[0m0x1A89EC8D286c3060067D9D4341E9Ccf1a99653B6 [36mtxHash=[0m0x2a66d16c1f046ddf22d64396f6cdb6de1e6541ae1e65105ce213d0795aec3f2c
[90m23.09.13 14:46:51[0m [ KLAYTN-TEST ] | INFO  | receive tx receipt successfully. Block: 133004728, Tx Hash: 0x2a66d16c1f046ddf22d64396f6cdb6de1e6541ae1e65105ce213d0795aec3f2c, GasUsed: 5.8329e-14
[90m23.09.13 14:46:51[0m [ KLAYTN-TEST ] | INFO  | saved the block number where the deposit event occurred. number: 2835314
[90m23.09.13 14:46:51[0m [ KLAYTN-TEST ] | DEBUG | Getting balance for 0xA9e014124BD1A689676523D5fdD75781d51db5F1
[90m23.09.13 14:46:51[0m [ KLAYTN-TEST ] | DEBUG | method balanceOf called [36mcontract=[0m0x1A89EC8D286c3060067D9D4341E9Ccf1a99653B6
[90m23.09.13 14:46:51[0m [ KLAYTN-TEST ] | DEBUG | method transfer executed [36mcontract=[0m0x1A89EC8D286c3060067D9D4341E9Ccf1a99653B6 [36mtxHash=[0m0x4b741a4df22563b5a2a20bebbb92c275a9deeae36b1eb5099f56250578d09ed0
[90m23.09.13 14:46:51[0m [ KLAYTN-TEST ] | INFO  | receive tx receipt successfully. Block: 133004728, Tx Hash: 0x4b741a4df22563b5a2a20bebbb92c275a9deeae36b1eb5099f56250578d09ed0, GasUsed: 5.8329e-14
[90m23.09.13 14:46:51[0m [ KLAYTN-TEST ] | INFO  | saved the block number where the deposit event occurred. number: 2835314
[90m23.09.13 14:46:51[0m [ KLAYTN-TEST ] | DEBUG | Getting balance for 0x0B30295579fb09fe2b1fed5B6aa893Bd331e48Aa
[90m23.09.13 14:46:51[0m [ KLAYTN-TEST ] | DEBUG | method balanceOf called [36mcontract=[0m0x1A89EC8D286c3060067D9D4341E9Ccf1a99653B6
[90m23.09.13 14:46:51[0m [ KLAYTN-TEST ] | DEBUG | method transfer executed [36mcontract=[0m0x1A89EC8D286c3060067D9D4341E9Ccf1a99653B6 [36mtxHash=[0m0x3ea4b66cd0d469d234400a7ce7565d196deb9bd2c82743520d68cb2ebfc76a48
[90m23.09.13 14:46:51[0m [ KLAYTN-TEST ] | INFO  | receive tx receipt successfully. Block: 133004730, Tx Hash: 0x3ea4b66cd0d469d234400a7ce7565d196deb9bd2c82743520d68cb2ebfc76a48, GasUsed: 5.8329e-14
[90m23.09.13 14:46:51[0m [ KLAYTN-TEST ] | INFO  | saved the block number where the deposit event occurred. number: 2835314
[90m23.09.13 14:46:51[0m [ KLAYTN-TEST ] | DEBUG | Getting balance for 0x76a6afCe8d402A03DA873A734362ed9D65F620a5
[90m23.09.13 14:46:51[0m [ KLAYTN-TEST ] | DEBUG | method balanceOf called [36mcontract=[0m0x1A89EC8D286c3060067D9D4341E9Ccf1a99653B6
[90m23.09.13 14:46:51[0m [ KLAYTN-TEST ] | DEBUG | method transfer executed [36mcontract=[0m0x1A89EC8D286c3060067D9D4341E9Ccf1a99653B6 [36mtxHash=[0m0xebcaee6ba717f278390989b93c89f8cdf8a8c6e7d2ec258ac00f81d2573264b6
[90m23.09.13 14:46:51[0m [ KLAYTN-TEST ] | INFO  | receive tx receipt successfully. Block: 133004730, Tx Hash: 0xebcaee6ba717f278390989b93c89f8cdf8a8c6e7d2ec258ac00f81d2573264b6, GasUsed: 5.8329e-14
[90m23.09.13 14:46:51[0m [ KLAYTN-TEST ] | INFO  | saved the block number where the deposit event occurred. number: 2835314
[90m23.09.13 14:46:51[0m [ KLAYTN-TEST ] | DEBUG | Getting balance for 0xB5636466186A85615fFD789664dD8Fe06dbc5D89
[90m23.09.13 14:46:51[0m [ KLAYTN-TEST ] | DEBUG | method balanceOf called [36mcontract=[0m0x1A89EC8D286c3060067D9D4341E9Ccf1a99653B6
[90m23.09.13 14:46:51[0m [ KLAYTN-TEST ] | DEBUG | method transfer executed [36mcontract=[0m0x1A89EC8D286c3060067D9D4341E9Ccf1a99653B6 [36mtxHash=[0m0xb3007a486dde09dce693d4120bead6eb13037df02082695183af4ae423f9539e
[90m23.09.13 14:46:51[0m [ KLAYTN-TEST ] | INFO  | receive tx receipt successfully. Block: 133004732, Tx Hash: 0xb3007a486dde09dce693d4120bead6eb13037df02082695183af4ae423f9539e, GasUsed: 5.8329e-14
[90m23.09.13 14:46:51[0m [ KLAYTN-TEST ] | INFO  | saved the block number where the deposit event occurred. number: 2835314
[90m23.09.13 14:46:51[0m [ KLAYTN-TEST ] | DEBUG | Getting balance for 0xC6EB9Ae2EDb29D6f002a80FBd3599CD8134bbD18
[90m23.09.13 14:46:51[0m [ KLAYTN-TEST ] | DEBUG | method balanceOf called [36mcontract=[0m0x1A89EC8D286c3060067D9D4341E9Ccf1a99653B6
[90m23.09.13 14:46:51[0m [ KLAYTN-TEST ] | DEBUG | method transfer executed [36mcontract=[0m0x1A89EC8D286c3060067D9D4341E9Ccf1a99653B6 [36mtxHash=[0m0xb1e6d1ef06c602da389dd30413d254ff04e91fcaba8c16a0059cd61b58a925c1
[90m23.09.13 14:46:51[0m [ KLAYTN-TEST ] | INFO  | receive tx receipt successfully. Block: 133004732, Tx Hash: 0xb1e6d1ef06c602da389dd30413d254ff04e91fcaba8c16a0059cd61b58a925c1, GasUsed: 5.8329e-14
[90m23.09.13 14:46:51[0m [ KLAYTN-TEST ] | INFO  | saved the block number where the deposit event occurred. number: 2835314
[90m23.09.13 14:46:51[0m [ KLAYTN-TEST ] | DEBUG | Getting balance for 0x7eF6Ea2af381eA852F574792316077C4d94b830E
[90m23.09.13 14:46:51[0m [ KLAYTN-TEST ] | DEBUG | method balanceOf called [36mcontract=[0m0x1A89EC8D286c3060067D9D4341E9Ccf1a99653B6
[90m23.09.13 14:46:51[0m [ KLAYTN-TEST ] | DEBUG | method transfer executed [36mcontract=[0m0x1A89EC8D286c3060067D9D4341E9Ccf1a99653B6 [36mtxHash=[0m0x7cf8208f6b19d7d66f653d3ec6d9980c226c7f3adc51a570dd2e40df29219163
[90m23.09.13 14:46:51[0m [ KLAYTN-TEST ] | INFO  | receive tx receipt successfully. Block: 133004732, Tx Hash: 0x7cf8208f6b19d7d66f653d3ec6d9980c226c7f3adc51a570dd2e40df29219163, GasUsed: 5.8329e-14
[90m23.09.13 14:46:51[0m [ KLAYTN-TEST ] | INFO  | saved the block number where the deposit event occurred. number: 2835314
[90m23.09.13 14:46:51[0m [ KLAYTN-TEST ] | DEBUG | Getting balance for 0x9cD4401dfe1d28EEAae7cd06F556F10518701758
[90m23.09.13 14:46:51[0m [ KLAYTN-TEST ] | DEBUG | method balanceOf called [36mcontract=[0m0x1A89EC8D286c3060067D9D4341E9Ccf1a99653B6
[90m23.09.13 14:46:56[0m [ KLAYTN-TEST ] | DEBUG | method transfer executed [36mcontract=[0m0x1A89EC8D286c3060067D9D4341E9Ccf1a99653B6 [36mtxHash=[0m0xe8d73cf364b05eab63d49d1358a7caa343c1a8f0ccbec8fc3fe6dc6f3f5e2735
[90m23.09.13 14:46:56[0m [ KLAYTN-TEST ] | INFO  | receive tx receipt successfully. Block: 133004734, Tx Hash: 0xe8d73cf364b05eab63d49d1358a7caa343c1a8f0ccbec8fc3fe6dc6f3f5e2735, GasUsed: 5.8329e-14
[90m23.09.13 14:46:56[0m [ KLAYTN-TEST ] | INFO  | saved the block number where the deposit event occurred. number: 2835314
[90m23.09.13 14:46:56[0m [ KLAYTN-TEST ] | DEBUG | Getting balance for 0xa0A4725600B6ACF522Db136497c99ade841115f6
[90m23.09.13 14:46:56[0m [ KLAYTN-TEST ] | DEBUG | method balanceOf called [36mcontract=[0m0x1A89EC8D286c3060067D9D4341E9Ccf1a99653B6
[90m23.09.13 14:46:56[0m [ KLAYTN-TEST ] | DEBUG | method transfer executed [36mcontract=[0m0x1A89EC8D286c3060067D9D4341E9Ccf1a99653B6 [36mtxHash=[0m0x636497caab777a6d014c3b7d55e25b56b4582c95238fc53d7736dbbd570e37cd
[90m23.09.13 14:46:56[0m [ KLAYTN-TEST ] | INFO  | receive tx receipt successfully. Block: 133004734, Tx Hash: 0x636497caab777a6d014c3b7d55e25b56b4582c95238fc53d7736dbbd570e37cd, GasUsed: 5.8329e-14
[90m23.09.13 14:46:56[0m [ KLAYTN-TEST ] | INFO  | saved the block number where the deposit event occurred. number: 2835314
[90m23.09.13 14:46:56[0m [ KLAYTN-TEST ] | DEBUG | Getting balance for 0xa15Cd05E10AD5c373eDc21F4F5FB934A29bc6193
[90m23.09.13 14:46:56[0m [ KLAYTN-TEST ] | DEBUG | method balanceOf called [36mcontract=[0m0x1A89EC8D286c3060067D9D4341E9Ccf1a99653B6
[90m23.09.13 14:46:56[0m [ KLAYTN-TEST ] | DEBUG | method transfer executed [36mcontract=[0m0x1A89EC8D286c3060067D9D4341E9Ccf1a99653B6 [36mtxHash=[0m0x672b18362454e8d4c92628cd121a1f635c78580c9b5ddf603614e2222aed140f
[90m23.09.13 14:46:56[0m [ KLAYTN-TEST ] | INFO  | receive tx receipt successfully. Block: 133004734, Tx Hash: 0x672b18362454e8d4c92628cd121a1f635c78580c9b5ddf603614e2222aed140f, GasUsed: 5.8329e-14
[90m23.09.13 14:46:56[0m [ KLAYTN-TEST ] | INFO  | saved the block number where the deposit event occurred. number: 2835314
[90m23.09.13 14:46:56[0m [ KLAYTN-TEST ] | DEBUG | Getting balance for 0x1461dA44972183aA0dE61DaD76e963A8032e2552
[90m23.09.13 14:46:56[0m [ KLAYTN-TEST ] | DEBUG | method balanceOf called [36mcontract=[0m0x1A89EC8D286c3060067D9D4341E9Ccf1a99653B6
[90m23.09.13 14:46:56[0m [ KLAYTN-TEST ] | DEBUG | method transfer executed [36mcontract=[0m0x1A89EC8D286c3060067D9D4341E9Ccf1a99653B6 [36mtxHash=[0m0x516ddf5835aab7ab647f2f18eb1a8933b136e1032edf1ec1cb218b0f93b451ee
[90m23.09.13 14:46:56[0m [ KLAYTN-TEST ] | INFO  | receive tx receipt successfully. Block: 133004736, Tx Hash: 0x516ddf5835aab7ab647f2f18eb1a8933b136e1032edf1ec1cb218b0f93b451ee, GasUsed: 5.8329e-14
[90m23.09.13 14:46:56[0m [ KLAYTN-TEST ] | INFO  | saved the block number where the deposit event occurred. number: 2835314
[90m23.09.13 14:46:56[0m [ KLAYTN-TEST ] | DEBUG | Getting balance for 0x39406716032A24d6d3c993b2e044C6Aab75Fd7f4
[90m23.09.13 14:46:56[0m [ KLAYTN-TEST ] | DEBUG | method balanceOf called [36mcontract=[0m0x1A89EC8D286c3060067D9D4341E9Ccf1a99653B6
[90m23.09.13 14:46:56[0m [ KLAYTN-TEST ] | DEBUG | method transfer executed [36mcontract=[0m0x1A89EC8D286c3060067D9D4341E9Ccf1a99653B6 [36mtxHash=[0m0x0e32f5a67a7214e2709c6efd700763a8edbb98708a01230c9c11fb9ee86f0093
[90m23.09.13 14:46:56[0m [ KLAYTN-TEST ] | INFO  | receive tx receipt successfully. Block: 133004736, Tx Hash: 0x0e32f5a67a7214e2709c6efd700763a8edbb98708a01230c9c11fb9ee86f0093, GasUsed: 5.8329e-14
[90m23.09.13 14:46:56[0m [ KLAYTN-TEST ] | INFO  | saved the block number where the deposit event occurred. number: 2835314
[90m23.09.13 14:46:56[0m [ KLAYTN-TEST ] | DEBUG | Getting balance for 0xFbB4076d2448ee59eF7E5Da23e8C068f977d36b3
[90m23.09.13 14:46:56[0m [ KLAYTN-TEST ] | DEBUG | method balanceOf called [36mcontract=[0m0x1A89EC8D286c3060067D9D4341E9Ccf1a99653B6
[90m23.09.13 14:46:56[0m [ KLAYTN-TEST ] | DEBUG | method transfer executed [36mcontract=[0m0x1A89EC8D286c3060067D9D4341E9Ccf1a99653B6 [36mtxHash=[0m0x6809023e93e20f7af332a54ebf2bbb68a7ba4df982f56602ad2c5ed65de5b46f
[90m23.09.13 14:46:56[0m [ KLAYTN-TEST ] | INFO  | receive tx receipt successfully. Block: 133004736, Tx Hash: 0x6809023e93e20f7af332a54ebf2bbb68a7ba4df982f56602ad2c5ed65de5b46f, GasUsed: 5.8329e-14
[90m23.09.13 14:46:56[0m [ KLAYTN-TEST ] | INFO  | saved the block number where the deposit event occurred. number: 2835314
[90m23.09.13 14:46:56[0m [ KLAYTN-TEST ] | DEBUG | Getting balance for 0x297F15091aBB98017887423E241276f1902b1766
[90m23.09.13 14:46:56[0m [ KLAYTN-TEST ] | DEBUG | method balanceOf called [36mcontract=[0m0x1A89EC8D286c3060067D9D4341E9Ccf1a99653B6
[90m23.09.13 14:47:01[0m [ KLAYTN-TEST ] | DEBUG | method transfer executed [36mcontract=[0m0x1A89EC8D286c3060067D9D4341E9Ccf1a99653B6 [36mtxHash=[0m0x329a3015827b895aa747a188850332004bdceac65271150ff7276eb282526168
[90m23.09.13 14:47:01[0m [ KLAYTN-TEST ] | INFO  | receive tx receipt successfully. Block: 133004738, Tx Hash: 0x329a3015827b895aa747a188850332004bdceac65271150ff7276eb282526168, GasUsed: 5.8329e-14
[90m23.09.13 14:47:01[0m [ KLAYTN-TEST ] | INFO  | saved the block number where the deposit event occurred. number: 2835314
[90m23.09.13 14:47:01[0m [ KLAYTN-TEST ] | DEBUG | Getting balance for 0x7A291ecaA6727579703aEb8D476B79491A2D4e44
[90m23.09.13 14:47:01[0m [ KLAYTN-TEST ] | DEBUG | method balanceOf called [36mcontract=[0m0x1A89EC8D286c3060067D9D4341E9Ccf1a99653B6
[90m23.09.13 14:47:01[0m [ KLAYTN-TEST ] | DEBUG | method transfer executed [36mcontract=[0m0x1A89EC8D286c3060067D9D4341E9Ccf1a99653B6 [36mtxHash=[0m0x78f94001eff99a16483cbe000ea01cfb9f7adcd554391b6aa98b1a7b8387e3d1
[90m23.09.13 14:47:01[0m [ KLAYTN-TEST ] | INFO  | receive tx receipt successfully. Block: 133004738, Tx Hash: 0x78f94001eff99a16483cbe000ea01cfb9f7adcd554391b6aa98b1a7b8387e3d1, GasUsed: 5.8329e-14
[90m23.09.13 14:47:01[0m [ KLAYTN-TEST ] | INFO  | saved the block number where the deposit event occurred. number: 2835314
[90m23.09.13 14:47:01[0m [ KLAYTN-TEST ] | DEBUG | Getting balance for 0x95796CcF953292F4Ac657598F5379aE6113De366
[90m23.09.13 14:47:01[0m [ KLAYTN-TEST ] | DEBUG | method balanceOf called [36mcontract=[0m0x1A89EC8D286c3060067D9D4341E9Ccf1a99653B6
--- PASS: TestDeposit (79.81s)
PASS
ok  	berith-swap/bridge/bridge	80.317s
